../USB_DEVICE/Target/usbd_conf.c:69:6:HAL_PCD_MspInit	192	static
../USB_DEVICE/Target/usbd_conf.c:139:6:HAL_PCD_MspDeInit	24	static
../USB_DEVICE/Target/usbd_conf.c:188:6:HAL_PCD_SetupStageCallback	16	static
../USB_DEVICE/Target/usbd_conf.c:203:6:HAL_PCD_DataOutStageCallback	16	static
../USB_DEVICE/Target/usbd_conf.c:218:6:HAL_PCD_DataInStageCallback	16	static
../USB_DEVICE/Target/usbd_conf.c:232:6:HAL_PCD_SOFCallback	16	static
../USB_DEVICE/Target/usbd_conf.c:246:6:HAL_PCD_ResetCallback	24	static
../USB_DEVICE/Target/usbd_conf.c:271:6:HAL_PCD_SuspendCallback	16	static
../USB_DEVICE/Target/usbd_conf.c:296:6:HAL_PCD_ResumeCallback	16	static
../USB_DEVICE/Target/usbd_conf.c:321:6:HAL_PCD_ISOOUTIncompleteCallback	16	static
../USB_DEVICE/Target/usbd_conf.c:336:6:HAL_PCD_ISOINIncompleteCallback	16	static
../USB_DEVICE/Target/usbd_conf.c:350:6:HAL_PCD_ConnectCallback	16	static
../USB_DEVICE/Target/usbd_conf.c:364:6:HAL_PCD_DisconnectCallback	16	static
../USB_DEVICE/Target/usbd_conf.c:379:20:USBD_LL_Init	16	static
../USB_DEVICE/Target/usbd_conf.c:430:20:USBD_LL_DeInit	24	static
../USB_DEVICE/Target/usbd_conf.c:462:20:USBD_LL_Start	24	static
../USB_DEVICE/Target/usbd_conf.c:494:20:USBD_LL_Stop	24	static
../USB_DEVICE/Target/usbd_conf.c:529:20:USBD_LL_OpenEP	24	static
../USB_DEVICE/Target/usbd_conf.c:562:20:USBD_LL_CloseEP	24	static
../USB_DEVICE/Target/usbd_conf.c:595:20:USBD_LL_FlushEP	24	static
../USB_DEVICE/Target/usbd_conf.c:628:20:USBD_LL_StallEP	24	static
../USB_DEVICE/Target/usbd_conf.c:661:20:USBD_LL_ClearStallEP	24	static
../USB_DEVICE/Target/usbd_conf.c:694:9:USBD_LL_IsStallEP	24	static
../USB_DEVICE/Target/usbd_conf.c:714:20:USBD_LL_SetUSBAddress	24	static
../USB_DEVICE/Target/usbd_conf.c:749:20:USBD_LL_Transmit	32	static
../USB_DEVICE/Target/usbd_conf.c:784:20:USBD_LL_PrepareReceive	32	static
../USB_DEVICE/Target/usbd_conf.c:817:10:USBD_LL_GetRxDataSize	16	static
../USB_DEVICE/Target/usbd_conf.c:826:6:HAL_GPIO_EXTI_Callback	16	static
../USB_DEVICE/Target/usbd_conf.c:840:6:HAL_PCDEx_LPM_Callback	16	static
../USB_DEVICE/Target/usbd_conf.c:875:6:USBD_LL_Delay	16	static
../USB_DEVICE/Target/usbd_conf.c:885:7:USBD_static_malloc	16	static
../USB_DEVICE/Target/usbd_conf.c:896:6:USBD_static_free	16	static
../USB_DEVICE/Target/usbd_conf.c:907:13:SystemClockConfig_Resume	8	static
