Archive member included to satisfy reference by file (symbol)

/opt/st/stm32cubeide_1.13.2/plugins/com.st.stm32cube.ide.mcu.externaltools.gnu-tools-for-stm32.11.3.rel1.linux64_1.1.1.202309131626/tools/bin/../lib/gcc/arm-none-eabi/11.3.1/../../../../arm-none-eabi/lib/thumb/v7e-m+fp/hard/libc_nano.a(libc_a-exit.o)
                              /opt/st/stm32cubeide_1.13.2/plugins/com.st.stm32cube.ide.mcu.externaltools.gnu-tools-for-stm32.11.3.rel1.linux64_1.1.1.202309131626/tools/bin/../lib/gcc/arm-none-eabi/11.3.1/../../../../arm-none-eabi/lib/thumb/v7e-m+fp/hard/crt0.o (exit)
/opt/st/stm32cubeide_1.13.2/plugins/com.st.stm32cube.ide.mcu.externaltools.gnu-tools-for-stm32.11.3.rel1.linux64_1.1.1.202309131626/tools/bin/../lib/gcc/arm-none-eabi/11.3.1/../../../../arm-none-eabi/lib/thumb/v7e-m+fp/hard/libc_nano.a(libc_a-findfp.o)
                              /opt/st/stm32cubeide_1.13.2/plugins/com.st.stm32cube.ide.mcu.externaltools.gnu-tools-for-stm32.11.3.rel1.linux64_1.1.1.202309131626/tools/bin/../lib/gcc/arm-none-eabi/11.3.1/../../../../arm-none-eabi/lib/thumb/v7e-m+fp/hard/libc_nano.a(libc_a-exit.o) (__stdio_exit_handler)
/opt/st/stm32cubeide_1.13.2/plugins/com.st.stm32cube.ide.mcu.externaltools.gnu-tools-for-stm32.11.3.rel1.linux64_1.1.1.202309131626/tools/bin/../lib/gcc/arm-none-eabi/11.3.1/../../../../arm-none-eabi/lib/thumb/v7e-m+fp/hard/libc_nano.a(libc_a-fwalk.o)
                              /opt/st/stm32cubeide_1.13.2/plugins/com.st.stm32cube.ide.mcu.externaltools.gnu-tools-for-stm32.11.3.rel1.linux64_1.1.1.202309131626/tools/bin/../lib/gcc/arm-none-eabi/11.3.1/../../../../arm-none-eabi/lib/thumb/v7e-m+fp/hard/libc_nano.a(libc_a-findfp.o) (_fwalk_sglue)
/opt/st/stm32cubeide_1.13.2/plugins/com.st.stm32cube.ide.mcu.externaltools.gnu-tools-for-stm32.11.3.rel1.linux64_1.1.1.202309131626/tools/bin/../lib/gcc/arm-none-eabi/11.3.1/../../../../arm-none-eabi/lib/thumb/v7e-m+fp/hard/libc_nano.a(libc_a-stdio.o)
                              /opt/st/stm32cubeide_1.13.2/plugins/com.st.stm32cube.ide.mcu.externaltools.gnu-tools-for-stm32.11.3.rel1.linux64_1.1.1.202309131626/tools/bin/../lib/gcc/arm-none-eabi/11.3.1/../../../../arm-none-eabi/lib/thumb/v7e-m+fp/hard/libc_nano.a(libc_a-findfp.o) (__sread)
/opt/st/stm32cubeide_1.13.2/plugins/com.st.stm32cube.ide.mcu.externaltools.gnu-tools-for-stm32.11.3.rel1.linux64_1.1.1.202309131626/tools/bin/../lib/gcc/arm-none-eabi/11.3.1/../../../../arm-none-eabi/lib/thumb/v7e-m+fp/hard/libc_nano.a(libc_a-memset.o)
                              /opt/st/stm32cubeide_1.13.2/plugins/com.st.stm32cube.ide.mcu.externaltools.gnu-tools-for-stm32.11.3.rel1.linux64_1.1.1.202309131626/tools/bin/../lib/gcc/arm-none-eabi/11.3.1/../../../../arm-none-eabi/lib/thumb/v7e-m+fp/hard/crt0.o (memset)
/opt/st/stm32cubeide_1.13.2/plugins/com.st.stm32cube.ide.mcu.externaltools.gnu-tools-for-stm32.11.3.rel1.linux64_1.1.1.202309131626/tools/bin/../lib/gcc/arm-none-eabi/11.3.1/../../../../arm-none-eabi/lib/thumb/v7e-m+fp/hard/libc_nano.a(libc_a-closer.o)
                              /opt/st/stm32cubeide_1.13.2/plugins/com.st.stm32cube.ide.mcu.externaltools.gnu-tools-for-stm32.11.3.rel1.linux64_1.1.1.202309131626/tools/bin/../lib/gcc/arm-none-eabi/11.3.1/../../../../arm-none-eabi/lib/thumb/v7e-m+fp/hard/libc_nano.a(libc_a-stdio.o) (_close_r)
/opt/st/stm32cubeide_1.13.2/plugins/com.st.stm32cube.ide.mcu.externaltools.gnu-tools-for-stm32.11.3.rel1.linux64_1.1.1.202309131626/tools/bin/../lib/gcc/arm-none-eabi/11.3.1/../../../../arm-none-eabi/lib/thumb/v7e-m+fp/hard/libc_nano.a(libc_a-reent.o)
                              /opt/st/stm32cubeide_1.13.2/plugins/com.st.stm32cube.ide.mcu.externaltools.gnu-tools-for-stm32.11.3.rel1.linux64_1.1.1.202309131626/tools/bin/../lib/gcc/arm-none-eabi/11.3.1/../../../../arm-none-eabi/lib/thumb/v7e-m+fp/hard/libc_nano.a(libc_a-closer.o) (errno)
/opt/st/stm32cubeide_1.13.2/plugins/com.st.stm32cube.ide.mcu.externaltools.gnu-tools-for-stm32.11.3.rel1.linux64_1.1.1.202309131626/tools/bin/../lib/gcc/arm-none-eabi/11.3.1/../../../../arm-none-eabi/lib/thumb/v7e-m+fp/hard/libc_nano.a(libc_a-impure.o)
                              /opt/st/stm32cubeide_1.13.2/plugins/com.st.stm32cube.ide.mcu.externaltools.gnu-tools-for-stm32.11.3.rel1.linux64_1.1.1.202309131626/tools/bin/../lib/gcc/arm-none-eabi/11.3.1/../../../../arm-none-eabi/lib/thumb/v7e-m+fp/hard/libc_nano.a(libc_a-reent.o) (_impure_ptr)
/opt/st/stm32cubeide_1.13.2/plugins/com.st.stm32cube.ide.mcu.externaltools.gnu-tools-for-stm32.11.3.rel1.linux64_1.1.1.202309131626/tools/bin/../lib/gcc/arm-none-eabi/11.3.1/../../../../arm-none-eabi/lib/thumb/v7e-m+fp/hard/libc_nano.a(libc_a-lseekr.o)
                              /opt/st/stm32cubeide_1.13.2/plugins/com.st.stm32cube.ide.mcu.externaltools.gnu-tools-for-stm32.11.3.rel1.linux64_1.1.1.202309131626/tools/bin/../lib/gcc/arm-none-eabi/11.3.1/../../../../arm-none-eabi/lib/thumb/v7e-m+fp/hard/libc_nano.a(libc_a-stdio.o) (_lseek_r)
[...]
Memory Configuration

Name             Origin             Length             Attributes
RAM              0x0000000020000000 0x0000000000050000 xrw
RAM2             0x0000000010000000 0x0000000000010000 xrw
FLASH            0x0000000008000000 0x0000000000100000 xr
*default*        0x0000000000000000 0xffffffffffffffff

Linker script and memory map

LOAD /opt/st/stm32cubeide_1.13.2/plugins/com.st.stm32cube.ide.mcu.externaltools.gnu-tools-for-stm32.11.3.rel1.linux64_1.1.1.202309131626/tools/bin/../lib/gcc/arm-none-eabi/11.3.1/thumb/v7e-m+fp/hard/crti.o
LOAD /opt/st/stm32cubeide_1.13.2/plugins/com.st.stm32cube.ide.mcu.externaltools.gnu-tools-for-stm32.11.3.rel1.linux64_1.1.1.202309131626/tools/bin/../lib/gcc/arm-none-eabi/11.3.1/thumb/v7e-m+fp/hard/crtbegin.o
LOAD /opt/st/stm32cubeide_1.13.2/plugins/com.st.stm32cube.ide.mcu.externaltools.gnu-tools-for-stm32.11.3.rel1.linux64_1.1.1.202309131626/tools/bin/../lib/gcc/arm-none-eabi/11.3.1/../../../../arm-none-eabi/lib/thumb/v7e-m+fp/hard/crt0.o
LOAD ./Core/Src/capacitivekey.o
LOAD ./Core/Src/freertos.o
LOAD ./Core/Src/main.o
LOAD ./Core/Src/stm32l4xx_hal_msp.o
LOAD ./Core/Src/stm32l4xx_it.o
LOAD ./Core/Src/syscalls.o
LOAD ./Core/Src/sysmem.o
LOAD ./Core/Src/system_stm32l4xx.o
LOAD ./Core/Startup/startup_stm32l496zgtx.o
LOAD ./Drivers/STM32L4xx_HAL_Driver/Src/stm32l4xx_hal.o
LOAD ./Drivers/STM32L4xx_HAL_Driver/Src/stm32l4xx_hal_cortex.o
LOAD ./Drivers/STM32L4xx_HAL_Driver/Src/stm32l4xx_hal_dma.o
LOAD ./Drivers/STM32L4xx_HAL_Driver/Src/stm32l4xx_hal_dma_ex.o
LOAD ./Drivers/STM32L4xx_HAL_Driver/Src/stm32l4xx_hal_exti.o
LOAD ./Drivers/STM32L4xx_HAL_Driver/Src/stm32l4xx_hal_flash.o
LOAD ./Drivers/STM32L4xx_HAL_Driver/Src/stm32l4xx_hal_flash_ex.o
LOAD ./Drivers/STM32L4xx_HAL_Driver/Src/stm32l4xx_hal_flash_ramfunc.o
LOAD ./Drivers/STM32L4xx_HAL_Driver/Src/stm32l4xx_hal_gpio.o
LOAD ./Drivers/STM32L4xx_HAL_Driver/Src/stm32l4xx_hal_pcd.o
LOAD ./Drivers/STM32L4xx_HAL_Driver/Src/stm32l4xx_hal_pcd_ex.o
LOAD ./Drivers/STM32L4xx_HAL_Driver/Src/stm32l4xx_hal_pwr.o
LOAD ./Drivers/STM32L4xx_HAL_Driver/Src/stm32l4xx_hal_pwr_ex.o
LOAD ./Drivers/STM32L4xx_HAL_Driver/Src/stm32l4xx_hal_rcc.o
LOAD ./Drivers/STM32L4xx_HAL_Driver/Src/stm32l4xx_hal_rcc_ex.o
LOAD ./Drivers/STM32L4xx_HAL_Driver/Src/stm32l4xx_hal_tim.o
LOAD ./Drivers/STM32L4xx_HAL_Driver/Src/stm32l4xx_hal_tim_ex.o
LOAD ./Drivers/STM32L4xx_HAL_Driver/Src/stm32l4xx_hal_uart.o
LOAD ./Drivers/STM32L4xx_HAL_Driver/Src/stm32l4xx_hal_uart_ex.o
LOAD ./Drivers/STM32L4xx_HAL_Driver/Src/stm32l4xx_ll_usb.o
LOAD ./Middlewares/ST/STM32_USB_Device_Library/Class/HID/Src/usbd_hid.o
LOAD ./Middlewares/ST/STM32_USB_Device_Library/Core/Src/usbd_core.o
LOAD ./Middlewares/ST/STM32_USB_Device_Library/Core/Src/usbd_ctlreq.o
LOAD ./Middlewares/ST/STM32_USB_Device_Library/Core/Src/usbd_ioreq.o
LOAD ./Middlewares/Third_Party/FreeRTOS/Source/CMSIS_RTOS_V2/cmsis_os2.o
LOAD ./Middlewares/Third_Party/FreeRTOS/Source/croutine.o
LOAD ./Middlewares/Third_Party/FreeRTOS/Source/event_groups.o
LOAD ./Middlewares/Third_Party/FreeRTOS/Source/list.o
LOAD ./Middlewares/Third_Party/FreeRTOS/Source/queue.o
LOAD ./Middlewares/Third_Party/FreeRTOS/Source/stream_buffer.o
LOAD ./Middlewares/Third_Party/FreeRTOS/Source/tasks.o
LOAD ./Middlewares/Third_Party/FreeRTOS/Source/timers.o
LOAD ./Middlewares/Third_Party/FreeRTOS/Source/portable/GCC/ARM_CM4F/port.o
LOAD ./Middlewares/Third_Party/FreeRTOS/Source/portable/MemMang/heap_4.o
LOAD ./USB_DEVICE/App/usb_device.o
LOAD ./USB_DEVICE/App/usbd_desc.o
LOAD ./USB_DEVICE/Target/usbd_conf.o
START GROUP
LOAD /opt/st/stm32cubeide_1.13.2/plugins/com.st.stm32cube.ide.mcu.externaltools.gnu-tools-for-stm32.11.3.rel1.linux64_1.1.1.202309131626/tools/bin/../lib/gcc/arm-none-eabi/11.3.1/../../../../arm-none-eabi/lib/thumb/v7e-m+fp/hard/libc_nano.a
LOAD /opt/st/stm32cubeide_1.13.2/plugins/com.st.stm32cube.ide.mcu.externaltools.gnu-tools-for-stm32.11.3.rel1.linux64_1.1.1.202309131626/tools/bin/../lib/gcc/arm-none-eabi/11.3.1/../../../../arm-none-eabi/lib/thumb/v7e-m+fp/hard/libm.a
END GROUP
START GROUP
LOAD /opt/st/stm32cubeide_1.13.2/plugins/com.st.stm32cube.ide.mcu.externaltools.gnu-tools-for-stm32.11.3.rel1.linux64_1.1.1.202309131626/tools/bin/../lib/gcc/arm-none-eabi/11.3.1/thumb/v7e-m+fp/hard/libgcc.a
LOAD /opt/st/stm32cubeide_1.13.2/plugins/com.st.stm32cube.ide.mcu.externaltools.gnu-tools-for-stm32.11.3.rel1.linux64_1.1.1.202309131626/tools/bin/../lib/gcc/arm-none-eabi/11.3.1/../../../../arm-none-eabi/lib/thumb/v7e-m+fp/hard/libc_nano.a
END GROUP
START GROUP
LOAD /opt/st/stm32cubeide_1.13.2/plugins/com.st.stm32cube.ide.mcu.externaltools.gnu-tools-for-stm32.11.3.rel1.linux64_1.1.1.202309131626/tools/bin/../lib/gcc/arm-none-eabi/11.3.1/thumb/v7e-m+fp/hard/libgcc.a
LOAD /opt/st/stm32cubeide_1.13.2/plugins/com.st.stm32cube.ide.mcu.externaltools.gnu-tools-for-stm32.11.3.rel1.linux64_1.1.1.202309131626/tools/bin/../lib/gcc/arm-none-eabi/11.3.1/../../../../arm-none-eabi/lib/thumb/v7e-m+fp/hard/libc_nano.a
LOAD /opt/st/stm32cubeide_1.13.2/plugins/com.st.stm32cube.ide.mcu.externaltools.gnu-tools-for-stm32.11.3.rel1.linux64_1.1.1.202309131626/tools/bin/../lib/gcc/arm-none-eabi/11.3.1/../../../../arm-none-eabi/lib/thumb/v7e-m+fp/hard/libnosys.a
END GROUP
START GROUP
LOAD /opt/st/stm32cubeide_1.13.2/plugins/com.st.stm32cube.ide.mcu.externaltools.gnu-tools-for-stm32.11.3.rel1.linux64_1.1.1.202309131626/tools/bin/../lib/gcc/arm-none-eabi/11.3.1/thumb/v7e-m+fp/hard/libgcc.a
LOAD /opt/st/stm32cubeide_1.13.2/plugins/com.st.stm32cube.ide.mcu.externaltools.gnu-tools-for-stm32.11.3.rel1.linux64_1.1.1.202309131626/tools/bin/../lib/gcc/arm-none-eabi/11.3.1/../../../../arm-none-eabi/lib/thumb/v7e-m+fp/hard/libc_nano.a
LOAD /opt/st/stm32cubeide_1.13.2/plugins/com.st.stm32cube.ide.mcu.externaltools.gnu-tools-for-stm32.11.3.rel1.linux64_1.1.1.202309131626/tools/bin/../lib/gcc/arm-none-eabi/11.3.1/../../../../arm-none-eabi/lib/thumb/v7e-m+fp/hard/libnosys.a
END GROUP
LOAD /opt/st/stm32cubeide_1.13.2/plugins/com.st.stm32cube.ide.mcu.externaltools.gnu-tools-for-stm32.11.3.rel1.linux64_1.1.1.202309131626/tools/bin/../lib/gcc/arm-none-eabi/11.3.1/thumb/v7e-m+fp/hard/crtend.o
LOAD /opt/st/stm32cubeide_1.13.2/plugins/com.st.stm32cube.ide.mcu.externaltools.gnu-tools-for-stm32.11.3.rel1.linux64_1.1.1.202309131626/tools/bin/../lib/gcc/arm-none-eabi/11.3.1/thumb/v7e-m+fp/hard/crtn.o
                0x0000000020050000                _estack = (ORIGIN (RAM) + LENGTH (RAM))
                0x0000000000000200                _Min_Heap_Size = 0x200
                0x0000000000000400                _Min_Stack_Size = 0x400

.isr_vector     0x0000000008000000      0x1ac
                0x0000000008000000                . = ALIGN (0x4)
 *(.isr_vector)
 .isr_vector    0x0000000008000000      0x1ac ./Core/Startup/startup_stm32l496zgtx.o
                0x0000000008000000                g_pfnVectors
                0x00000000080001ac                . = ALIGN (0x4)

.text           0x00000000080001b0     0xb36c
                0x00000000080001b0                . = ALIGN (0x4)
 *(.text)
 .text          0x00000000080001b0       0x40 /opt/st/stm32cubeide_1.13.2/plugins/com.st.stm32cube.ide.mcu.externaltools.gnu-tools-for-stm32.11.3.rel1.linux64_1.1.1.202309131626/tools/bin/../lib/gcc/arm-none-eabi/11.3.1/thumb/v7e-m+fp/hard/crtbegin.o
 .text          0x00000000080001f0       0x30 /opt/st/stm32cubeide_1.13.2/plugins/com.st.stm32cube.ide.mcu.externaltools.gnu-tools-for-stm32.11.3.rel1.linux64_1.1.1.202309131626/tools/bin/../lib/gcc/arm-none-eabi/11.3.1/thumb/v7e-m+fp/hard/libgcc.a(_aeabi_uldivmod.o)
                0x00000000080001f0                __aeabi_uldivmod
 .text          0x0000000008000220      0x2c8 /opt/st/stm32cubeide_1.13.2/plugins/com.st.stm32cube.ide.mcu.externaltools.gnu-tools-for-stm32.11.3.rel1.linux64_1.1.1.202309131626/tools/bin/../lib/gcc/arm-none-eabi/11.3.1/thumb/v7e-m+fp/hard/libgcc.a(_udivmoddi4.o)
                0x0000000008000220                __udivmoddi4
 .text          0x00000000080004e8        0x4 /opt/st/stm32cubeide_1.13.2/plugins/com.st.stm32cube.ide.mcu.externaltools.gnu-tools-for-stm32.11.3.rel1.linux64_1.1.1.202309131626/tools/bin/../lib/gcc/arm-none-eabi/11.3.1/thumb/v7e-m+fp/hard/libgcc.a(_dvmd_tls.o)
                0x00000000080004e8                __aeabi_ldiv0
                0x00000000080004e8                __aeabi_idiv0
 *(.text*)
 .text.main     0x00000000080004ec       0x5c ./Core/Src/main.o
                0x00000000080004ec                main
 .text.SystemClock_Config
                0x0000000008000548       0xc8 ./Core/Src/main.o
                0x0000000008000548                SystemClock_Config
 .text.MX_LPUART1_UART_Init
                0x0000000008000610       0x5c ./Core/Src/main.o
 .text.MX_TIM2_Init
                0x000000000800066c       0x9c ./Core/Src/main.o
 .text.MX_GPIO_Init
                0x0000000008000708      0x1f0 ./Core/Src/main.o
 .text.checkkeys
                0x00000000080008f8      0x30c ./Core/Src/main.o
                0x00000000080008f8                checkkeys
 .text.StartDefaultTask
                0x0000000008000c04       0x14 ./Core/Src/main.o
                0x0000000008000c04                StartDefaultTask
 .text.Error_Handler
                0x0000000008000c18        0xa ./Core/Src/main.o
                0x0000000008000c18                Error_Handler
 *fill*         0x0000000008000c22        0x2 
 .text.HAL_MspInit
                0x0000000008000c24       0x50 ./Core/Src/stm32l4xx_hal_msp.o
                0x0000000008000c24                HAL_MspInit
 .text.HAL_UART_MspInit
                0x0000000008000c74       0xc0 ./Core/Src/stm32l4xx_hal_msp.o
                0x0000000008000c74                HAL_UART_MspInit
 .text.HAL_TIM_Base_MspInit
                0x0000000008000d34       0x3c ./Core/Src/stm32l4xx_hal_msp.o
                0x0000000008000d34                HAL_TIM_Base_MspInit
 .text.NMI_Handler
                0x0000000008000d70        0x6 ./Core/Src/stm32l4xx_it.o
                0x0000000008000d70                NMI_Handler
 .text.HardFault_Handler
                0x0000000008000d76        0x6 ./Core/Src/stm32l4xx_it.o
                0x0000000008000d76                HardFault_Handler
 .text.MemManage_Handler
                0x0000000008000d7c        0x6 ./Core/Src/stm32l4xx_it.o
                0x0000000008000d7c                MemManage_Handler
 .text.BusFault_Handler
                0x0000000008000d82        0x6 ./Core/Src/stm32l4xx_it.o
                0x0000000008000d82                BusFault_Handler
 .text.UsageFault_Handler
                0x0000000008000d88        0x6 ./Core/Src/stm32l4xx_it.o
                0x0000000008000d88                UsageFault_Handler
 .text.DebugMon_Handler
                0x0000000008000d8e        0xe ./Core/Src/stm32l4xx_it.o
                0x0000000008000d8e                DebugMon_Handler
 .text.SysTick_Handler
                0x0000000008000d9c       0x1a ./Core/Src/stm32l4xx_it.o
                0x0000000008000d9c                SysTick_Handler
 *fill*         0x0000000008000db6        0x2 
 .text.OTG_FS_IRQHandler
                0x0000000008000db8       0x14 ./Core/Src/stm32l4xx_it.o
                0x0000000008000db8                OTG_FS_IRQHandler
 .text.SystemInit
                0x0000000008000dcc       0x24 ./Core/Src/system_stm32l4xx.o
                0x0000000008000dcc                SystemInit
 .text.Reset_Handler
                0x0000000008000df0       0x50 ./Core/Startup/startup_stm32l496zgtx.o
                0x0000000008000df0                Reset_Handler
 .text.Default_Handler
                0x0000000008000e40        0x2 ./Core/Startup/startup_stm32l496zgtx.o
                0x0000000008000e40                RTC_Alarm_IRQHandler
                0x0000000008000e40                EXTI2_IRQHandler
                0x0000000008000e40                TIM8_TRG_COM_IRQHandler
                0x0000000008000e40                TIM8_CC_IRQHandler
                0x0000000008000e40                TIM1_CC_IRQHandler
                0x0000000008000e40                TSC_IRQHandler
                0x0000000008000e40                TAMP_STAMP_IRQHandler
                0x0000000008000e40                CAN2_RX1_IRQHandler
                0x0000000008000e40                EXTI3_IRQHandler
                0x0000000008000e40                LPTIM2_IRQHandler
                0x0000000008000e40                DFSDM1_FLT1_IRQHandler
                0x0000000008000e40                I2C3_ER_IRQHandler
                0x0000000008000e40                DFSDM1_FLT2_IRQHandler
                0x0000000008000e40                EXTI0_IRQHandler
                0x0000000008000e40                I2C2_EV_IRQHandler
                0x0000000008000e40                CAN1_RX0_IRQHandler
                0x0000000008000e40                FPU_IRQHandler
                0x0000000008000e40                TIM1_UP_TIM16_IRQHandler
                0x0000000008000e40                CAN2_SCE_IRQHandler
                0x0000000008000e40                ADC1_2_IRQHandler
                0x0000000008000e40                SPI1_IRQHandler
                0x0000000008000e40                TIM6_DAC_IRQHandler
                0x0000000008000e40                DCMI_IRQHandler
                0x0000000008000e40                CAN2_RX0_IRQHandler
                0x0000000008000e40                TIM8_UP_IRQHandler
                0x0000000008000e40                DMA2_Channel2_IRQHandler
                0x0000000008000e40                DMA1_Channel4_IRQHandler
                0x0000000008000e40                SAI2_IRQHandler
                0x0000000008000e40                DFSDM1_FLT3_IRQHandler
                0x0000000008000e40                USART3_IRQHandler
                0x0000000008000e40                DMA1_Channel7_IRQHandler
                0x0000000008000e40                CAN1_RX1_IRQHandler
                0x0000000008000e40                LCD_IRQHandler
                0x0000000008000e40                UART5_IRQHandler
                0x0000000008000e40                ADC3_IRQHandler
                0x0000000008000e40                TIM4_IRQHandler
                0x0000000008000e40                DMA2_Channel1_IRQHandler
                0x0000000008000e40                QUADSPI_IRQHandler
                0x0000000008000e40                I2C1_EV_IRQHandler
                0x0000000008000e40                DMA1_Channel6_IRQHandler
                0x0000000008000e40                UART4_IRQHandler
                0x0000000008000e40                DMA2_Channel4_IRQHandler
                0x0000000008000e40                TIM3_IRQHandler
                0x0000000008000e40                RCC_IRQHandler
                0x0000000008000e40                DMA1_Channel1_IRQHandler
                0x0000000008000e40                Default_Handler
                0x0000000008000e40                DMA2_Channel7_IRQHandler
                0x0000000008000e40                EXTI15_10_IRQHandler
                0x0000000008000e40                TIM7_IRQHandler
                0x0000000008000e40                SDMMC1_IRQHandler
                0x0000000008000e40                CAN2_TX_IRQHandler
                0x0000000008000e40                TIM5_IRQHandler
                0x0000000008000e40                I2C3_EV_IRQHandler
                0x0000000008000e40                EXTI9_5_IRQHandler
                0x0000000008000e40                RTC_WKUP_IRQHandler
                0x0000000008000e40                PVD_PVM_IRQHandler
                0x0000000008000e40                SPI2_IRQHandler
                0x0000000008000e40                CAN1_TX_IRQHandler
                0x0000000008000e40                DMA2_Channel5_IRQHandler
                0x0000000008000e40                CRS_IRQHandler
                0x0000000008000e40                DMA1_Channel5_IRQHandler
                0x0000000008000e40                EXTI4_IRQHandler
                0x0000000008000e40                RNG_IRQHandler
                0x0000000008000e40                TIM1_TRG_COM_TIM17_IRQHandler
                0x0000000008000e40                DMA1_Channel3_IRQHandler
                0x0000000008000e40                COMP_IRQHandler
                0x0000000008000e40                WWDG_IRQHandler
                0x0000000008000e40                I2C4_EV_IRQHandler
                0x0000000008000e40                LPUART1_IRQHandler
                0x0000000008000e40                DMA2_Channel6_IRQHandler
                0x0000000008000e40                TIM2_IRQHandler
                0x0000000008000e40                EXTI1_IRQHandler
                0x0000000008000e40                USART2_IRQHandler
                0x0000000008000e40                DFSDM1_FLT0_IRQHandler
                0x0000000008000e40                I2C2_ER_IRQHandler
                0x0000000008000e40                DMA1_Channel2_IRQHandler
                0x0000000008000e40                TIM8_BRK_IRQHandler
                0x0000000008000e40                CAN1_SCE_IRQHandler
                0x0000000008000e40                FLASH_IRQHandler
                0x0000000008000e40                USART1_IRQHandler
                0x0000000008000e40                SPI3_IRQHandler
                0x0000000008000e40                I2C1_ER_IRQHandler
                0x0000000008000e40                FMC_IRQHandler
                0x0000000008000e40                SWPMI1_IRQHandler
                0x0000000008000e40                LPTIM1_IRQHandler
                0x0000000008000e40                I2C4_ER_IRQHandler
                0x0000000008000e40                SAI1_IRQHandler
                0x0000000008000e40                DMA2_Channel3_IRQHandler
                0x0000000008000e40                TIM1_BRK_TIM15_IRQHandler
 .text.HAL_Init
                0x0000000008000e42       0x30 ./Drivers/STM32L4xx_HAL_Driver/Src/stm32l4xx_hal.o
                0x0000000008000e42                HAL_Init
 *fill*         0x0000000008000e72        0x2 
 .text.HAL_InitTick
                0x0000000008000e74       0x78 ./Drivers/STM32L4xx_HAL_Driver/Src/stm32l4xx_hal.o
                0x0000000008000e74                HAL_InitTick
 .text.HAL_IncTick
                0x0000000008000eec       0x28 ./Drivers/STM32L4xx_HAL_Driver/Src/stm32l4xx_hal.o
                0x0000000008000eec                HAL_IncTick
 .text.HAL_GetTick
                0x0000000008000f14       0x18 ./Drivers/STM32L4xx_HAL_Driver/Src/stm32l4xx_hal.o
                0x0000000008000f14                HAL_GetTick
 .text.HAL_Delay
                0x0000000008000f2c       0x48 ./Drivers/STM32L4xx_HAL_Driver/Src/stm32l4xx_hal.o
                0x0000000008000f2c                HAL_Delay
 .text.__NVIC_SetPriorityGrouping
                0x0000000008000f74       0x48 ./Drivers/STM32L4xx_HAL_Driver/Src/stm32l4xx_hal_cortex.o
 .text.__NVIC_GetPriorityGrouping
                0x0000000008000fbc       0x1c ./Drivers/STM32L4xx_HAL_Driver/Src/stm32l4xx_hal_cortex.o
 .text.__NVIC_EnableIRQ
                0x0000000008000fd8       0x3c ./Drivers/STM32L4xx_HAL_Driver/Src/stm32l4xx_hal_cortex.o
 .text.__NVIC_SetPriority
                0x0000000008001014       0x54 ./Drivers/STM32L4xx_HAL_Driver/Src/stm32l4xx_hal_cortex.o
 .text.NVIC_EncodePriority
                0x0000000008001068       0x66 ./Drivers/STM32L4xx_HAL_Driver/Src/stm32l4xx_hal_cortex.o
 *fill*         0x00000000080010ce        0x2 
 .text.SysTick_Config
                0x00000000080010d0       0x44 ./Drivers/STM32L4xx_HAL_Driver/Src/stm32l4xx_hal_cortex.o
 .text.HAL_NVIC_SetPriorityGrouping
                0x0000000008001114       0x16 ./Drivers/STM32L4xx_HAL_Driver/Src/stm32l4xx_hal_cortex.o
                0x0000000008001114                HAL_NVIC_SetPriorityGrouping
 .text.HAL_NVIC_SetPriority
                0x000000000800112a       0x38 ./Drivers/STM32L4xx_HAL_Driver/Src/stm32l4xx_hal_cortex.o
                0x000000000800112a                HAL_NVIC_SetPriority
 .text.HAL_NVIC_EnableIRQ
                0x0000000008001162       0x1c ./Drivers/STM32L4xx_HAL_Driver/Src/stm32l4xx_hal_cortex.o
                0x0000000008001162                HAL_NVIC_EnableIRQ
 .text.HAL_SYSTICK_Config
                0x000000000800117e       0x18 ./Drivers/STM32L4xx_HAL_Driver/Src/stm32l4xx_hal_cortex.o
                0x000000000800117e                HAL_SYSTICK_Config
 *fill*         0x0000000008001196        0x2 
 .text.HAL_GPIO_Init
                0x0000000008001198      0x324 ./Drivers/STM32L4xx_HAL_Driver/Src/stm32l4xx_hal_gpio.o
                0x0000000008001198                HAL_GPIO_Init
 .text.HAL_GPIO_WritePin
                0x00000000080014bc       0x30 ./Drivers/STM32L4xx_HAL_Driver/Src/stm32l4xx_hal_gpio.o
                0x00000000080014bc                HAL_GPIO_WritePin
 .text.HAL_PCD_Init
                0x00000000080014ec      0x248 ./Drivers/STM32L4xx_HAL_Driver/Src/stm32l4xx_hal_pcd.o
                0x00000000080014ec                HAL_PCD_Init
 .text.HAL_PCD_Start
                0x0000000008001734       0x5e ./Drivers/STM32L4xx_HAL_Driver/Src/stm32l4xx_hal_pcd.o
                0x0000000008001734                HAL_PCD_Start
 .text.HAL_PCD_IRQHandler
                0x0000000008001792      0x926 ./Drivers/STM32L4xx_HAL_Driver/Src/stm32l4xx_hal_pcd.o
                0x0000000008001792                HAL_PCD_IRQHandler
 .text.HAL_PCD_SetAddress
                0x00000000080020b8       0x4a ./Drivers/STM32L4xx_HAL_Driver/Src/stm32l4xx_hal_pcd.o
                0x00000000080020b8                HAL_PCD_SetAddress
 .text.HAL_PCD_EP_Open
                0x0000000008002102       0xd0 ./Drivers/STM32L4xx_HAL_Driver/Src/stm32l4xx_hal_pcd.o
                0x0000000008002102                HAL_PCD_EP_Open
 .text.HAL_PCD_EP_Close
                0x00000000080021d2       0x94 ./Drivers/STM32L4xx_HAL_Driver/Src/stm32l4xx_hal_pcd.o
                0x00000000080021d2                HAL_PCD_EP_Close
 .text.HAL_PCD_EP_Receive
                0x0000000008002266       0x64 ./Drivers/STM32L4xx_HAL_Driver/Src/stm32l4xx_hal_pcd.o
                0x0000000008002266                HAL_PCD_EP_Receive
 .text.HAL_PCD_EP_Transmit
                0x00000000080022ca       0x62 ./Drivers/STM32L4xx_HAL_Driver/Src/stm32l4xx_hal_pcd.o
                0x00000000080022ca                HAL_PCD_EP_Transmit
 .text.HAL_PCD_EP_SetStall
                0x000000000800232c       0xc4 ./Drivers/STM32L4xx_HAL_Driver/Src/stm32l4xx_hal_pcd.o
                0x000000000800232c                HAL_PCD_EP_SetStall
 .text.HAL_PCD_EP_ClrStall
                0x00000000080023f0       0xac ./Drivers/STM32L4xx_HAL_Driver/Src/stm32l4xx_hal_pcd.o
                0x00000000080023f0                HAL_PCD_EP_ClrStall
 .text.HAL_PCD_EP_Abort
                0x000000000800249c       0x62 ./Drivers/STM32L4xx_HAL_Driver/Src/stm32l4xx_hal_pcd.o
                0x000000000800249c                HAL_PCD_EP_Abort
 .text.PCD_WriteEmptyTxFifo
                0x00000000080024fe      0x110 ./Drivers/STM32L4xx_HAL_Driver/Src/stm32l4xx_hal_pcd.o
 *fill*         0x000000000800260e        0x2 
 .text.PCD_EP_OutXfrComplete_int
                0x0000000008002610       0x9c ./Drivers/STM32L4xx_HAL_Driver/Src/stm32l4xx_hal_pcd.o
 .text.PCD_EP_OutSetupPacket_int
                0x00000000080026ac       0x68 ./Drivers/STM32L4xx_HAL_Driver/Src/stm32l4xx_hal_pcd.o
 .text.HAL_PCDEx_SetTxFiFo
                0x0000000008002714       0x8e ./Drivers/STM32L4xx_HAL_Driver/Src/stm32l4xx_hal_pcd_ex.o
                0x0000000008002714                HAL_PCDEx_SetTxFiFo
 .text.HAL_PCDEx_SetRxFiFo
                0x00000000080027a2       0x22 ./Drivers/STM32L4xx_HAL_Driver/Src/stm32l4xx_hal_pcd_ex.o
                0x00000000080027a2                HAL_PCDEx_SetRxFiFo
 .text.HAL_PCDEx_ActivateLPM
                0x00000000080027c4       0x48 ./Drivers/STM32L4xx_HAL_Driver/Src/stm32l4xx_hal_pcd_ex.o
                0x00000000080027c4                HAL_PCDEx_ActivateLPM
 .text.HAL_PWR_EnableBkUpAccess
                0x000000000800280c       0x20 ./Drivers/STM32L4xx_HAL_Driver/Src/stm32l4xx_hal_pwr.o
                0x000000000800280c                HAL_PWR_EnableBkUpAccess
 .text.HAL_PWREx_GetVoltageRange
                0x000000000800282c       0x1c ./Drivers/STM32L4xx_HAL_Driver/Src/stm32l4xx_hal_pwr_ex.o
                0x000000000800282c                HAL_PWREx_GetVoltageRange
 .text.HAL_PWREx_ControlVoltageScaling
                0x0000000008002848       0xac ./Drivers/STM32L4xx_HAL_Driver/Src/stm32l4xx_hal_pwr_ex.o
                0x0000000008002848                HAL_PWREx_ControlVoltageScaling
 .text.HAL_PWREx_EnableVddUSB
                0x00000000080028f4       0x20 ./Drivers/STM32L4xx_HAL_Driver/Src/stm32l4xx_hal_pwr_ex.o
                0x00000000080028f4                HAL_PWREx_EnableVddUSB
 .text.HAL_PWREx_EnableVddIO2
                0x0000000008002914       0x20 ./Drivers/STM32L4xx_HAL_Driver/Src/stm32l4xx_hal_pwr_ex.o
                0x0000000008002914                HAL_PWREx_EnableVddIO2
 .text.HAL_RCC_OscConfig
                0x0000000008002934      0x834 ./Drivers/STM32L4xx_HAL_Driver/Src/stm32l4xx_hal_rcc.o
                0x0000000008002934                HAL_RCC_OscConfig
 .text.HAL_RCC_ClockConfig
                0x0000000008003168      0x200 ./Drivers/STM32L4xx_HAL_Driver/Src/stm32l4xx_hal_rcc.o
                0x0000000008003168                HAL_RCC_ClockConfig
 .text.HAL_RCC_GetSysClockFreq
                0x0000000008003368      0x118 ./Drivers/STM32L4xx_HAL_Driver/Src/stm32l4xx_hal_rcc.o
                0x0000000008003368                HAL_RCC_GetSysClockFreq
 .text.HAL_RCC_GetHCLKFreq
                0x0000000008003480       0x18 ./Drivers/STM32L4xx_HAL_Driver/Src/stm32l4xx_hal_rcc.o
                0x0000000008003480                HAL_RCC_GetHCLKFreq
 .text.HAL_RCC_GetPCLK1Freq
                0x0000000008003498       0x2c ./Drivers/STM32L4xx_HAL_Driver/Src/stm32l4xx_hal_rcc.o
                0x0000000008003498                HAL_RCC_GetPCLK1Freq
 .text.HAL_RCC_GetPCLK2Freq
                0x00000000080034c4       0x2c ./Drivers/STM32L4xx_HAL_Driver/Src/stm32l4xx_hal_rcc.o
                0x00000000080034c4                HAL_RCC_GetPCLK2Freq
 .text.RCC_SetFlashLatencyFromMSIRange
                0x00000000080034f0       0xc0 ./Drivers/STM32L4xx_HAL_Driver/Src/stm32l4xx_hal_rcc.o
 .text.HAL_RCCEx_PeriphCLKConfig
                0x00000000080035b0      0x5f8 ./Drivers/STM32L4xx_HAL_Driver/Src/stm32l4xx_hal_rcc_ex.o
                0x00000000080035b0                HAL_RCCEx_PeriphCLKConfig
 .text.HAL_RCCEx_EnableMSIPLLMode
                0x0000000008003ba8       0x20 ./Drivers/STM32L4xx_HAL_Driver/Src/stm32l4xx_hal_rcc_ex.o
                0x0000000008003ba8                HAL_RCCEx_EnableMSIPLLMode
 .text.RCCEx_PLLSAI1_Config
                0x0000000008003bc8      0x1e4 ./Drivers/STM32L4xx_HAL_Driver/Src/stm32l4xx_hal_rcc_ex.o
 .text.RCCEx_PLLSAI2_Config
                0x0000000008003dac      0x1b8 ./Drivers/STM32L4xx_HAL_Driver/Src/stm32l4xx_hal_rcc_ex.o
 .text.HAL_TIM_Base_Init
                0x0000000008003f64       0xae ./Drivers/STM32L4xx_HAL_Driver/Src/stm32l4xx_hal_tim.o
                0x0000000008003f64                HAL_TIM_Base_Init
 .text.HAL_TIM_ConfigClockSource
                0x0000000008004012      0x192 ./Drivers/STM32L4xx_HAL_Driver/Src/stm32l4xx_hal_tim.o
                0x0000000008004012                HAL_TIM_ConfigClockSource
 .text.TIM_Base_SetConfig
                0x00000000080041a4      0x134 ./Drivers/STM32L4xx_HAL_Driver/Src/stm32l4xx_hal_tim.o
                0x00000000080041a4                TIM_Base_SetConfig
 .text.TIM_TI1_ConfigInputStage
                0x00000000080042d8       0x5e ./Drivers/STM32L4xx_HAL_Driver/Src/stm32l4xx_hal_tim.o
 .text.TIM_TI2_ConfigInputStage
                0x0000000008004336       0x60 ./Drivers/STM32L4xx_HAL_Driver/Src/stm32l4xx_hal_tim.o
 .text.TIM_ITRx_SetConfig
                0x0000000008004396       0x36 ./Drivers/STM32L4xx_HAL_Driver/Src/stm32l4xx_hal_tim.o
 .text.TIM_ETR_SetConfig
                0x00000000080043cc       0x40 ./Drivers/STM32L4xx_HAL_Driver/Src/stm32l4xx_hal_tim.o
                0x00000000080043cc                TIM_ETR_SetConfig
 .text.HAL_TIMEx_MasterConfigSynchronization
                0x000000000800440c      0x110 ./Drivers/STM32L4xx_HAL_Driver/Src/stm32l4xx_hal_tim_ex.o
                0x000000000800440c                HAL_TIMEx_MasterConfigSynchronization
 .text.HAL_UART_Init
                0x000000000800451c       0x9c ./Drivers/STM32L4xx_HAL_Driver/Src/stm32l4xx_hal_uart.o
                0x000000000800451c                HAL_UART_Init
 .text.UART_SetConfig
                0x00000000080045b8      0x570 ./Drivers/STM32L4xx_HAL_Driver/Src/stm32l4xx_hal_uart.o
                0x00000000080045b8                UART_SetConfig
 .text.UART_AdvFeatureConfig
                0x0000000008004b28      0x144 ./Drivers/STM32L4xx_HAL_Driver/Src/stm32l4xx_hal_uart.o
                0x0000000008004b28                UART_AdvFeatureConfig
 .text.UART_CheckIdleState
                0x0000000008004c6c      0x150 ./Drivers/STM32L4xx_HAL_Driver/Src/stm32l4xx_hal_uart.o
                0x0000000008004c6c                UART_CheckIdleState
 .text.UART_WaitOnFlagUntilTimeout
                0x0000000008004dbc       0xce ./Drivers/STM32L4xx_HAL_Driver/Src/stm32l4xx_hal_uart.o
                0x0000000008004dbc                UART_WaitOnFlagUntilTimeout
 .text.UART_EndRxTransfer
                0x0000000008004e8a       0xc8 ./Drivers/STM32L4xx_HAL_Driver/Src/stm32l4xx_hal_uart.o
 .text.USB_CoreInit
                0x0000000008004f52       0x58 ./Drivers/STM32L4xx_HAL_Driver/Src/stm32l4xx_ll_usb.o
                0x0000000008004f52                USB_CoreInit
 *fill*         0x0000000008004faa        0x2 
 .text.USB_SetTurnaroundTime
                0x0000000008004fac      0x138 ./Drivers/STM32L4xx_HAL_Driver/Src/stm32l4xx_ll_usb.o
                0x0000000008004fac                USB_SetTurnaroundTime
 .text.USB_EnableGlobalInt
                0x00000000080050e4       0x22 ./Drivers/STM32L4xx_HAL_Driver/Src/stm32l4xx_ll_usb.o
                0x00000000080050e4                USB_EnableGlobalInt
 .text.USB_DisableGlobalInt
                0x0000000008005106       0x22 ./Drivers/STM32L4xx_HAL_Driver/Src/stm32l4xx_ll_usb.o
                0x0000000008005106                USB_DisableGlobalInt
 .text.USB_SetCurrentMode
                0x0000000008005128       0x98 ./Drivers/STM32L4xx_HAL_Driver/Src/stm32l4xx_ll_usb.o
                0x0000000008005128                USB_SetCurrentMode
 .text.USB_DevInit
                0x00000000080051c0      0x284 ./Drivers/STM32L4xx_HAL_Driver/Src/stm32l4xx_ll_usb.o
                0x00000000080051c0                USB_DevInit
 .text.USB_FlushTxFifo
                0x0000000008005444       0x68 ./Drivers/STM32L4xx_HAL_Driver/Src/stm32l4xx_ll_usb.o
                0x0000000008005444                USB_FlushTxFifo
 .text.USB_FlushRxFifo
                0x00000000080054ac       0x60 ./Drivers/STM32L4xx_HAL_Driver/Src/stm32l4xx_ll_usb.o
                0x00000000080054ac                USB_FlushRxFifo
 .text.USB_SetDevSpeed
                0x000000000800550c       0x32 ./Drivers/STM32L4xx_HAL_Driver/Src/stm32l4xx_ll_usb.o
                0x000000000800550c                USB_SetDevSpeed
 .text.USB_GetDevSpeed
                0x000000000800553e       0x3e ./Drivers/STM32L4xx_HAL_Driver/Src/stm32l4xx_ll_usb.o
                0x000000000800553e                USB_GetDevSpeed
 .text.USB_ActivateEndpoint
                0x000000000800557c      0x10e ./Drivers/STM32L4xx_HAL_Driver/Src/stm32l4xx_ll_usb.o
                0x000000000800557c                USB_ActivateEndpoint
 *fill*         0x000000000800568a        0x2 
 .text.USB_DeactivateEndpoint
                0x000000000800568c      0x1b8 ./Drivers/STM32L4xx_HAL_Driver/Src/stm32l4xx_ll_usb.o
                0x000000000800568c                USB_DeactivateEndpoint
 .text.USB_EPStartXfer
                0x0000000008005844      0x464 ./Drivers/STM32L4xx_HAL_Driver/Src/stm32l4xx_ll_usb.o
                0x0000000008005844                USB_EPStartXfer
 .text.USB_EPStopXfer
                0x0000000008005ca8      0x154 ./Drivers/STM32L4xx_HAL_Driver/Src/stm32l4xx_ll_usb.o
                0x0000000008005ca8                USB_EPStopXfer
 .text.USB_WritePacket
                0x0000000008005dfc       0x74 ./Drivers/STM32L4xx_HAL_Driver/Src/stm32l4xx_ll_usb.o
                0x0000000008005dfc                USB_WritePacket
 .text.USB_ReadPacket
                0x0000000008005e70       0xb0 ./Drivers/STM32L4xx_HAL_Driver/Src/stm32l4xx_ll_usb.o
                0x0000000008005e70                USB_ReadPacket
 .text.USB_EPSetStall
                0x0000000008005f20       0xdc ./Drivers/STM32L4xx_HAL_Driver/Src/stm32l4xx_ll_usb.o
                0x0000000008005f20                USB_EPSetStall
 .text.USB_EPClearStall
                0x0000000008005ffc       0xcc ./Drivers/STM32L4xx_HAL_Driver/Src/stm32l4xx_ll_usb.o
                0x0000000008005ffc                USB_EPClearStall
 .text.USB_SetDevAddress
                0x00000000080060c8       0x4c ./Drivers/STM32L4xx_HAL_Driver/Src/stm32l4xx_ll_usb.o
                0x00000000080060c8                USB_SetDevAddress
 .text.USB_DevConnect
                0x0000000008006114       0x42 ./Drivers/STM32L4xx_HAL_Driver/Src/stm32l4xx_ll_usb.o
                0x0000000008006114                USB_DevConnect
 .text.USB_DevDisconnect
                0x0000000008006156       0x42 ./Drivers/STM32L4xx_HAL_Driver/Src/stm32l4xx_ll_usb.o
                0x0000000008006156                USB_DevDisconnect
 .text.USB_ReadInterrupts
                0x0000000008006198       0x26 ./Drivers/STM32L4xx_HAL_Driver/Src/stm32l4xx_ll_usb.o
                0x0000000008006198                USB_ReadInterrupts
 .text.USB_ReadDevAllOutEpInterrupt
                0x00000000080061be       0x34 ./Drivers/STM32L4xx_HAL_Driver/Src/stm32l4xx_ll_usb.o
                0x00000000080061be                USB_ReadDevAllOutEpInterrupt
 .text.USB_ReadDevAllInEpInterrupt
                0x00000000080061f2       0x34 ./Drivers/STM32L4xx_HAL_Driver/Src/stm32l4xx_ll_usb.o
                0x00000000080061f2                USB_ReadDevAllInEpInterrupt
 .text.USB_ReadDevOutEPInterrupt
                0x0000000008006226       0x3c ./Drivers/STM32L4xx_HAL_Driver/Src/stm32l4xx_ll_usb.o
                0x0000000008006226                USB_ReadDevOutEPInterrupt
 .text.USB_ReadDevInEPInterrupt
                0x0000000008006262       0x5c ./Drivers/STM32L4xx_HAL_Driver/Src/stm32l4xx_ll_usb.o
                0x0000000008006262                USB_ReadDevInEPInterrupt
 .text.USB_GetMode
                0x00000000080062be       0x1c ./Drivers/STM32L4xx_HAL_Driver/Src/stm32l4xx_ll_usb.o
                0x00000000080062be                USB_GetMode
 .text.USB_ActivateSetup
                0x00000000080062da       0x46 ./Drivers/STM32L4xx_HAL_Driver/Src/stm32l4xx_ll_usb.o
                0x00000000080062da                USB_ActivateSetup
 .text.USB_EP0_OutStart
                0x0000000008006320       0x90 ./Drivers/STM32L4xx_HAL_Driver/Src/stm32l4xx_ll_usb.o
                0x0000000008006320                USB_EP0_OutStart
 .text.USB_CoreReset
                0x00000000080063b0       0x68 ./Drivers/STM32L4xx_HAL_Driver/Src/stm32l4xx_ll_usb.o
 .text.USBD_HID_Init
                0x0000000008006418       0xcc ./Middlewares/ST/STM32_USB_Device_Library/Class/HID/Src/usbd_hid.o
 .text.USBD_HID_DeInit
                0x00000000080064e4       0x90 ./Middlewares/ST/STM32_USB_Device_Library/Class/HID/Src/usbd_hid.o
 .text.USBD_HID_Setup
                0x0000000008006574      0x210 ./Middlewares/ST/STM32_USB_Device_Library/Class/HID/Src/usbd_hid.o
 .text.USBD_HID_GetFSCfgDesc
                0x0000000008006784       0x34 ./Middlewares/ST/STM32_USB_Device_Library/Class/HID/Src/usbd_hid.o
 .text.USBD_HID_GetHSCfgDesc
                0x00000000080067b8       0x34 ./Middlewares/ST/STM32_USB_Device_Library/Class/HID/Src/usbd_hid.o
 .text.USBD_HID_GetOtherSpeedCfgDesc
                0x00000000080067ec       0x34 ./Middlewares/ST/STM32_USB_Device_Library/Class/HID/Src/usbd_hid.o
 .text.USBD_HID_DataIn
                0x0000000008006820       0x2c ./Middlewares/ST/STM32_USB_Device_Library/Class/HID/Src/usbd_hid.o
 .text.USBD_HID_GetDeviceQualifierDesc
                0x000000000800684c       0x20 ./Middlewares/ST/STM32_USB_Device_Library/Class/HID/Src/usbd_hid.o
 .text.USBD_Init
                0x000000000800686c       0x60 ./Middlewares/ST/STM32_USB_Device_Library/Core/Src/usbd_core.o
                0x000000000800686c                USBD_Init
 .text.USBD_RegisterClass
                0x00000000080068cc       0x6c ./Middlewares/ST/STM32_USB_Device_Library/Core/Src/usbd_core.o
                0x00000000080068cc                USBD_RegisterClass
 .text.USBD_Start
                0x0000000008006938       0x18 ./Middlewares/ST/STM32_USB_Device_Library/Core/Src/usbd_core.o
                0x0000000008006938                USBD_Start
 .text.USBD_RunTestMode
                0x0000000008006950       0x16 ./Middlewares/ST/STM32_USB_Device_Library/Core/Src/usbd_core.o
                0x0000000008006950                USBD_RunTestMode
 .text.USBD_SetClassConfig
                0x0000000008006966       0x38 ./Middlewares/ST/STM32_USB_Device_Library/Core/Src/usbd_core.o
                0x0000000008006966                USBD_SetClassConfig
 .text.USBD_ClrClassConfig
                0x000000000800699e       0x34 ./Middlewares/ST/STM32_USB_Device_Library/Core/Src/usbd_core.o
                0x000000000800699e                USBD_ClrClassConfig
 .text.USBD_LL_SetupStage
                0x00000000080069d2       0xaa ./Middlewares/ST/STM32_USB_Device_Library/Core/Src/usbd_core.o
                0x00000000080069d2                USBD_LL_SetupStage
 .text.USBD_LL_DataOutStage
                0x0000000008006a7c      0x166 ./Middlewares/ST/STM32_USB_Device_Library/Core/Src/usbd_core.o
                0x0000000008006a7c                USBD_LL_DataOutStage
 .text.USBD_LL_DataInStage
                0x0000000008006be2      0x164 ./Middlewares/ST/STM32_USB_Device_Library/Core/Src/usbd_core.o
                0x0000000008006be2                USBD_LL_DataInStage
 .text.USBD_LL_Reset
                0x0000000008006d46       0xa4 ./Middlewares/ST/STM32_USB_Device_Library/Core/Src/usbd_core.o
                0x0000000008006d46                USBD_LL_Reset
 .text.USBD_LL_SetSpeed
                0x0000000008006dea       0x20 ./Middlewares/ST/STM32_USB_Device_Library/Core/Src/usbd_core.o
                0x0000000008006dea                USBD_LL_SetSpeed
 .text.USBD_LL_Suspend
                0x0000000008006e0a       0x38 ./Middlewares/ST/STM32_USB_Device_Library/Core/Src/usbd_core.o
                0x0000000008006e0a                USBD_LL_Suspend
 .text.USBD_LL_Resume
                0x0000000008006e42       0x30 ./Middlewares/ST/STM32_USB_Device_Library/Core/Src/usbd_core.o
                0x0000000008006e42                USBD_LL_Resume
 .text.USBD_LL_SOF
                0x0000000008006e72       0x40 ./Middlewares/ST/STM32_USB_Device_Library/Core/Src/usbd_core.o
                0x0000000008006e72                USBD_LL_SOF
 .text.USBD_LL_IsoINIncomplete
                0x0000000008006eb2       0x64 ./Middlewares/ST/STM32_USB_Device_Library/Core/Src/usbd_core.o
                0x0000000008006eb2                USBD_LL_IsoINIncomplete
 .text.USBD_LL_IsoOUTIncomplete
                0x0000000008006f16       0x64 ./Middlewares/ST/STM32_USB_Device_Library/Core/Src/usbd_core.o
                0x0000000008006f16                USBD_LL_IsoOUTIncomplete
 .text.USBD_LL_DevConnected
                0x0000000008006f7a       0x16 ./Middlewares/ST/STM32_USB_Device_Library/Core/Src/usbd_core.o
                0x0000000008006f7a                USBD_LL_DevConnected
 .text.USBD_LL_DevDisconnected
                0x0000000008006f90       0x46 ./Middlewares/ST/STM32_USB_Device_Library/Core/Src/usbd_core.o
                0x0000000008006f90                USBD_LL_DevDisconnected
 .text.USBD_CoreFindIF
                0x0000000008006fd6       0x1a ./Middlewares/ST/STM32_USB_Device_Library/Core/Src/usbd_core.o
                0x0000000008006fd6                USBD_CoreFindIF
 .text.USBD_CoreFindEP
                0x0000000008006ff0       0x1a ./Middlewares/ST/STM32_USB_Device_Library/Core/Src/usbd_core.o
                0x0000000008006ff0                USBD_CoreFindEP
 .text.USBD_GetEpDesc
                0x000000000800700a       0x74 ./Middlewares/ST/STM32_USB_Device_Library/Core/Src/usbd_core.o
                0x000000000800700a                USBD_GetEpDesc
 .text.USBD_GetNextDesc
                0x000000000800707e       0x3a ./Middlewares/ST/STM32_USB_Device_Library/Core/Src/usbd_core.o
                0x000000000800707e                USBD_GetNextDesc
 .text.SWAPBYTE
                0x00000000080070b8       0x3c ./Middlewares/ST/STM32_USB_Device_Library/Core/Src/usbd_ctlreq.o
 .text.USBD_StdDevReq
                0x00000000080070f4       0xe4 ./Middlewares/ST/STM32_USB_Device_Library/Core/Src/usbd_ctlreq.o
                0x00000000080070f4                USBD_StdDevReq
 .text.USBD_StdItfReq
                0x00000000080071d8       0xd8 ./Middlewares/ST/STM32_USB_Device_Library/Core/Src/usbd_ctlreq.o
                0x00000000080071d8                USBD_StdItfReq
 .text.USBD_StdEPReq
                0x00000000080072b0      0x33a ./Middlewares/ST/STM32_USB_Device_Library/Core/Src/usbd_ctlreq.o
                0x00000000080072b0                USBD_StdEPReq
 *fill*         0x00000000080075ea        0x2 
 .text.USBD_GetDescriptor
                0x00000000080075ec      0x328 ./Middlewares/ST/STM32_USB_Device_Library/Core/Src/usbd_ctlreq.o
 .text.USBD_SetAddress
                0x0000000008007914       0x88 ./Middlewares/ST/STM32_USB_Device_Library/Core/Src/usbd_ctlreq.o
 .text.USBD_SetConfig
                0x000000000800799c      0x154 ./Middlewares/ST/STM32_USB_Device_Library/Core/Src/usbd_ctlreq.o
 .text.USBD_GetConfig
                0x0000000008007af0       0x6c ./Middlewares/ST/STM32_USB_Device_Library/Core/Src/usbd_ctlreq.o
 .text.USBD_GetStatus
                0x0000000008007b5c       0x68 ./Middlewares/ST/STM32_USB_Device_Library/Core/Src/usbd_ctlreq.o
 .text.USBD_SetFeature
                0x0000000008007bc4       0x52 ./Middlewares/ST/STM32_USB_Device_Library/Core/Src/usbd_ctlreq.o
 .text.USBD_ClrFeature
                0x0000000008007c16       0x44 ./Middlewares/ST/STM32_USB_Device_Library/Core/Src/usbd_ctlreq.o
 .text.USBD_ParseSetupRequest
                0x0000000008007c5a       0x74 ./Middlewares/ST/STM32_USB_Device_Library/Core/Src/usbd_ctlreq.o
                0x0000000008007c5a                USBD_ParseSetupRequest
 .text.USBD_CtlError
                0x0000000008007cce       0x22 ./Middlewares/ST/STM32_USB_Device_Library/Core/Src/usbd_ctlreq.o
                0x0000000008007cce                USBD_CtlError
 .text.USBD_GetString
                0x0000000008007cf0       0x8c ./Middlewares/ST/STM32_USB_Device_Library/Core/Src/usbd_ctlreq.o
                0x0000000008007cf0                USBD_GetString
 .text.USBD_GetLen
                0x0000000008007d7c       0x34 ./Middlewares/ST/STM32_USB_Device_Library/Core/Src/usbd_ctlreq.o
 .text.USBD_CtlSendData
                0x0000000008007db0       0x36 ./Middlewares/ST/STM32_USB_Device_Library/Core/Src/usbd_ioreq.o
                0x0000000008007db0                USBD_CtlSendData
 .text.USBD_CtlContinueSendData
                0x0000000008007de6       0x22 ./Middlewares/ST/STM32_USB_Device_Library/Core/Src/usbd_ioreq.o
                0x0000000008007de6                USBD_CtlContinueSendData
 .text.USBD_CtlContinueRx
                0x0000000008007e08       0x22 ./Middlewares/ST/STM32_USB_Device_Library/Core/Src/usbd_ioreq.o
                0x0000000008007e08                USBD_CtlContinueRx
 .text.USBD_CtlSendStatus
                0x0000000008007e2a       0x26 ./Middlewares/ST/STM32_USB_Device_Library/Core/Src/usbd_ioreq.o
                0x0000000008007e2a                USBD_CtlSendStatus
 .text.USBD_CtlReceiveStatus
                0x0000000008007e50       0x26 ./Middlewares/ST/STM32_USB_Device_Library/Core/Src/usbd_ioreq.o
                0x0000000008007e50                USBD_CtlReceiveStatus
 *fill*         0x0000000008007e76        0x2 
 .text.__NVIC_SetPriority
                0x0000000008007e78       0x54 ./Middlewares/Third_Party/FreeRTOS/Source/CMSIS_RTOS_V2/cmsis_os2.o
 .text.SVC_Setup
                0x0000000008007ecc       0x12 ./Middlewares/Third_Party/FreeRTOS/Source/CMSIS_RTOS_V2/cmsis_os2.o
 *fill*         0x0000000008007ede        0x2 
 .text.osKernelInitialize
                0x0000000008007ee0       0x48 ./Middlewares/Third_Party/FreeRTOS/Source/CMSIS_RTOS_V2/cmsis_os2.o
                0x0000000008007ee0                osKernelInitialize
 .text.osKernelStart
                0x0000000008007f28       0x4c ./Middlewares/Third_Party/FreeRTOS/Source/CMSIS_RTOS_V2/cmsis_os2.o
                0x0000000008007f28                osKernelStart
 .text.osThreadNew
                0x0000000008007f74      0x124 ./Middlewares/Third_Party/FreeRTOS/Source/CMSIS_RTOS_V2/cmsis_os2.o
                0x0000000008007f74                osThreadNew
 .text.osDelay  0x0000000008008098       0x36 ./Middlewares/Third_Party/FreeRTOS/Source/CMSIS_RTOS_V2/cmsis_os2.o
                0x0000000008008098                osDelay
 *fill*         0x00000000080080ce        0x2 
 .text.vApplicationGetIdleTaskMemory
                0x00000000080080d0       0x34 ./Middlewares/Third_Party/FreeRTOS/Source/CMSIS_RTOS_V2/cmsis_os2.o
                0x00000000080080d0                vApplicationGetIdleTaskMemory
 .text.vApplicationGetTimerTaskMemory
                0x0000000008008104       0x34 ./Middlewares/Third_Party/FreeRTOS/Source/CMSIS_RTOS_V2/cmsis_os2.o
                0x0000000008008104                vApplicationGetTimerTaskMemory
 .text.vListInitialise
                0x0000000008008138       0x40 ./Middlewares/Third_Party/FreeRTOS/Source/list.o
                0x0000000008008138                vListInitialise
 .text.vListInitialiseItem
                0x0000000008008178       0x1a ./Middlewares/Third_Party/FreeRTOS/Source/list.o
                0x0000000008008178                vListInitialiseItem
 .text.vListInsertEnd
                0x0000000008008192       0x48 ./Middlewares/Third_Party/FreeRTOS/Source/list.o
                0x0000000008008192                vListInsertEnd
 .text.vListInsert
                0x00000000080081da       0x72 ./Middlewares/Third_Party/FreeRTOS/Source/list.o
                0x00000000080081da                vListInsert
 .text.uxListRemove
                0x000000000800824c       0x54 ./Middlewares/Third_Party/FreeRTOS/Source/list.o
                0x000000000800824c                uxListRemove
 .text.xQueueGenericReset
                0x00000000080082a0       0xd0 ./Middlewares/Third_Party/FreeRTOS/Source/queue.o
                0x00000000080082a0                xQueueGenericReset
 .text.xQueueGenericCreateStatic
                0x0000000008008370       0xf0 ./Middlewares/Third_Party/FreeRTOS/Source/queue.o
                0x0000000008008370                xQueueGenericCreateStatic
 .text.prvInitialiseNewQueue
                0x0000000008008460       0x46 ./Middlewares/Third_Party/FreeRTOS/Source/queue.o
 *fill*         0x00000000080084a6        0x2 
 .text.xQueueGenericSend
                0x00000000080084a8      0x1fc ./Middlewares/Third_Party/FreeRTOS/Source/queue.o
                0x00000000080084a8                xQueueGenericSend
 .text.xQueueGenericSendFromISR
                0x00000000080086a4      0x136 ./Middlewares/Third_Party/FreeRTOS/Source/queue.o
                0x00000000080086a4                xQueueGenericSendFromISR
 *fill*         0x00000000080087da        0x2 
 .text.xQueueReceive
                0x00000000080087dc      0x1c0 ./Middlewares/Third_Party/FreeRTOS/Source/queue.o
                0x00000000080087dc                xQueueReceive
 .text.prvCopyDataToQueue
                0x000000000800899c       0xd4 ./Middlewares/Third_Party/FreeRTOS/Source/queue.o
 .text.prvCopyDataFromQueue
                0x0000000008008a70       0x4c ./Middlewares/Third_Party/FreeRTOS/Source/queue.o
 .text.prvUnlockQueue
                0x0000000008008abc       0xa4 ./Middlewares/Third_Party/FreeRTOS/Source/queue.o
 .text.prvIsQueueEmpty
                0x0000000008008b60       0x2c ./Middlewares/Third_Party/FreeRTOS/Source/queue.o
 .text.prvIsQueueFull
                0x0000000008008b8c       0x30 ./Middlewares/Third_Party/FreeRTOS/Source/queue.o
 .text.vQueueAddToRegistry
                0x0000000008008bbc       0x54 ./Middlewares/Third_Party/FreeRTOS/Source/queue.o
                0x0000000008008bbc                vQueueAddToRegistry
 .text.vQueueWaitForMessageRestricted
                0x0000000008008c10       0x68 ./Middlewares/Third_Party/FreeRTOS/Source/queue.o
                0x0000000008008c10                vQueueWaitForMessageRestricted
 .text.xTaskCreateStatic
                0x0000000008008c78       0xba ./Middlewares/Third_Party/FreeRTOS/Source/tasks.o
                0x0000000008008c78                xTaskCreateStatic
 .text.xTaskCreate
                0x0000000008008d32       0x8a ./Middlewares/Third_Party/FreeRTOS/Source/tasks.o
                0x0000000008008d32                xTaskCreate
 .text.prvInitialiseNewTask
                0x0000000008008dbc      0x11e ./Middlewares/Third_Party/FreeRTOS/Source/tasks.o
 *fill*         0x0000000008008eda        0x2 
 .text.prvAddNewTaskToReadyList
                0x0000000008008edc       0xe0 ./Middlewares/Third_Party/FreeRTOS/Source/tasks.o
 .text.vTaskDelay
                0x0000000008008fbc       0x68 ./Middlewares/Third_Party/FreeRTOS/Source/tasks.o
                0x0000000008008fbc                vTaskDelay
 .text.vTaskStartScheduler
                0x0000000008009024       0xcc ./Middlewares/Third_Party/FreeRTOS/Source/tasks.o
                0x0000000008009024                vTaskStartScheduler
 .text.vTaskSuspendAll
                0x00000000080090f0       0x1c ./Middlewares/Third_Party/FreeRTOS/Source/tasks.o
                0x00000000080090f0                vTaskSuspendAll
 .text.xTaskResumeAll
                0x000000000800910c      0x13c ./Middlewares/Third_Party/FreeRTOS/Source/tasks.o
                0x000000000800910c                xTaskResumeAll
 .text.xTaskGetTickCount
                0x0000000008009248       0x20 ./Middlewares/Third_Party/FreeRTOS/Source/tasks.o
                0x0000000008009248                xTaskGetTickCount
 .text.xTaskIncrementTick
                0x0000000008009268      0x174 ./Middlewares/Third_Party/FreeRTOS/Source/tasks.o
                0x0000000008009268                xTaskIncrementTick
 .text.vTaskSwitchContext
                0x00000000080093dc       0xbc ./Middlewares/Third_Party/FreeRTOS/Source/tasks.o
                0x00000000080093dc                vTaskSwitchContext
 .text.vTaskPlaceOnEventList
                0x0000000008009498       0x48 ./Middlewares/Third_Party/FreeRTOS/Source/tasks.o
                0x0000000008009498                vTaskPlaceOnEventList
 .text.vTaskPlaceOnEventListRestricted
                0x00000000080094e0       0x58 ./Middlewares/Third_Party/FreeRTOS/Source/tasks.o
                0x00000000080094e0                vTaskPlaceOnEventListRestricted
 .text.xTaskRemoveFromEventList
                0x0000000008009538       0xc8 ./Middlewares/Third_Party/FreeRTOS/Source/tasks.o
                0x0000000008009538                xTaskRemoveFromEventList
 .text.vTaskInternalSetTimeOutState
                0x0000000008009600       0x2c ./Middlewares/Third_Party/FreeRTOS/Source/tasks.o
                0x0000000008009600                vTaskInternalSetTimeOutState
 .text.xTaskCheckForTimeOut
                0x000000000800962c       0xc4 ./Middlewares/Third_Party/FreeRTOS/Source/tasks.o
                0x000000000800962c                xTaskCheckForTimeOut
 .text.vTaskMissedYield
                0x00000000080096f0       0x18 ./Middlewares/Third_Party/FreeRTOS/Source/tasks.o
                0x00000000080096f0                vTaskMissedYield
 .text.prvIdleTask
                0x0000000008009708       0x30 ./Middlewares/Third_Party/FreeRTOS/Source/tasks.o
 .text.prvInitialiseTaskLists
                0x0000000008009738       0x80 ./Middlewares/Third_Party/FreeRTOS/Source/tasks.o
 .text.prvCheckTasksWaitingTermination
                0x00000000080097b8       0x5c ./Middlewares/Third_Party/FreeRTOS/Source/tasks.o
 .text.prvDeleteTCB
                0x0000000008009814       0x5e ./Middlewares/Third_Party/FreeRTOS/Source/tasks.o
 *fill*         0x0000000008009872        0x2 
 .text.prvResetNextTaskUnblockTime
                0x0000000008009874       0x40 ./Middlewares/Third_Party/FreeRTOS/Source/tasks.o
 .text.xTaskGetSchedulerState
                0x00000000080098b4       0x3c ./Middlewares/Third_Party/FreeRTOS/Source/tasks.o
                0x00000000080098b4                xTaskGetSchedulerState
 .text.xTaskPriorityDisinherit
                0x00000000080098f0       0xdc ./Middlewares/Third_Party/FreeRTOS/Source/tasks.o
                0x00000000080098f0                xTaskPriorityDisinherit
 .text.prvAddCurrentTaskToDelayedList
                0x00000000080099cc       0xa8 ./Middlewares/Third_Party/FreeRTOS/Source/tasks.o
 .text.xTimerCreateTimerTask
                0x0000000008009a74       0x90 ./Middlewares/Third_Party/FreeRTOS/Source/timers.o
                0x0000000008009a74                xTimerCreateTimerTask
 .text.xTimerGenericCommand
                0x0000000008009b04       0x9c ./Middlewares/Third_Party/FreeRTOS/Source/timers.o
                0x0000000008009b04                xTimerGenericCommand
 .text.prvProcessExpiredTimer
                0x0000000008009ba0       0x98 ./Middlewares/Third_Party/FreeRTOS/Source/timers.o
 .text.prvTimerTask
                0x0000000008009c38       0x24 ./Middlewares/Third_Party/FreeRTOS/Source/timers.o
 .text.prvProcessTimerOrBlockTask
                0x0000000008009c5c       0x9c ./Middlewares/Third_Party/FreeRTOS/Source/timers.o
 .text.prvGetNextExpireTime
                0x0000000008009cf8       0x48 ./Middlewares/Third_Party/FreeRTOS/Source/timers.o
 .text.prvSampleTimeNow
                0x0000000008009d40       0x40 ./Middlewares/Third_Party/FreeRTOS/Source/timers.o
 .text.prvInsertTimerInActiveList
                0x0000000008009d80       0x84 ./Middlewares/Third_Party/FreeRTOS/Source/timers.o
 .text.prvProcessReceivedCommands
                0x0000000008009e04      0x1c4 ./Middlewares/Third_Party/FreeRTOS/Source/timers.o
 .text.prvSwitchTimerLists
                0x0000000008009fc8       0xc8 ./Middlewares/Third_Party/FreeRTOS/Source/timers.o
 .text.prvCheckForValidListAndQueue
                0x000000000800a090       0x80 ./Middlewares/Third_Party/FreeRTOS/Source/timers.o
 .text.pxPortInitialiseStack
                0x000000000800a110       0x68 ./Middlewares/Third_Party/FreeRTOS/Source/portable/GCC/ARM_CM4F/port.o
                0x000000000800a110                pxPortInitialiseStack
 .text.prvTaskExitError
                0x000000000800a178       0x58 ./Middlewares/Third_Party/FreeRTOS/Source/portable/GCC/ARM_CM4F/port.o
 .text.SVC_Handler
                0x000000000800a1d0       0x28 ./Middlewares/Third_Party/FreeRTOS/Source/portable/GCC/ARM_CM4F/port.o
                0x000000000800a1d0                SVC_Handler
 .text.prvPortStartFirstTask
                0x000000000800a1f8       0x28 ./Middlewares/Third_Party/FreeRTOS/Source/portable/GCC/ARM_CM4F/port.o
 .text.xPortStartScheduler
                0x000000000800a220      0x144 ./Middlewares/Third_Party/FreeRTOS/Source/portable/GCC/ARM_CM4F/port.o
                0x000000000800a220                xPortStartScheduler
 .text.vPortEnterCritical
                0x000000000800a364       0x60 ./Middlewares/Third_Party/FreeRTOS/Source/portable/GCC/ARM_CM4F/port.o
                0x000000000800a364                vPortEnterCritical
 .text.vPortExitCritical
                0x000000000800a3c4       0x54 ./Middlewares/Third_Party/FreeRTOS/Source/portable/GCC/ARM_CM4F/port.o
                0x000000000800a3c4                vPortExitCritical
 *fill*         0x000000000800a418        0x8 
 .text.PendSV_Handler
                0x000000000800a420       0x68 ./Middlewares/Third_Party/FreeRTOS/Source/portable/GCC/ARM_CM4F/port.o
                0x000000000800a420                PendSV_Handler
 .text.xPortSysTickHandler
                0x000000000800a488       0x44 ./Middlewares/Third_Party/FreeRTOS/Source/portable/GCC/ARM_CM4F/port.o
                0x000000000800a488                xPortSysTickHandler
 .text.vPortSetupTimerInterrupt
                0x000000000800a4cc       0x48 ./Middlewares/Third_Party/FreeRTOS/Source/portable/GCC/ARM_CM4F/port.o
                0x000000000800a4cc                vPortSetupTimerInterrupt
 .text.vPortEnableVFP
                0x000000000800a514       0x14 ./Middlewares/Third_Party/FreeRTOS/Source/portable/GCC/ARM_CM4F/port.o
 .text.vPortValidateInterruptPriority
                0x000000000800a528       0x80 ./Middlewares/Third_Party/FreeRTOS/Source/portable/GCC/ARM_CM4F/port.o
                0x000000000800a528                vPortValidateInterruptPriority
 .text.pvPortMalloc
                0x000000000800a5a8      0x198 ./Middlewares/Third_Party/FreeRTOS/Source/portable/MemMang/heap_4.o
                0x000000000800a5a8                pvPortMalloc
 .text.vPortFree
                0x000000000800a740       0xc4 ./Middlewares/Third_Party/FreeRTOS/Source/portable/MemMang/heap_4.o
                0x000000000800a740                vPortFree
 .text.prvHeapInit
                0x000000000800a804       0xc4 ./Middlewares/Third_Party/FreeRTOS/Source/portable/MemMang/heap_4.o
 .text.prvInsertBlockIntoFreeList
                0x000000000800a8c8       0xb4 ./Middlewares/Third_Party/FreeRTOS/Source/portable/MemMang/heap_4.o
 .text.MX_USB_DEVICE_Init
                0x000000000800a97c       0x4c ./USB_DEVICE/App/usb_device.o
                0x000000000800a97c                MX_USB_DEVICE_Init
 .text.USBD_FS_DeviceDescriptor
                0x000000000800a9c8       0x24 ./USB_DEVICE/App/usbd_desc.o
                0x000000000800a9c8                USBD_FS_DeviceDescriptor
 .text.USBD_FS_LangIDStrDescriptor
                0x000000000800a9ec       0x24 ./USB_DEVICE/App/usbd_desc.o
                0x000000000800a9ec                USBD_FS_LangIDStrDescriptor
 .text.USBD_FS_ProductStrDescriptor
                0x000000000800aa10       0x3c ./USB_DEVICE/App/usbd_desc.o
                0x000000000800aa10                USBD_FS_ProductStrDescriptor
 .text.USBD_FS_ManufacturerStrDescriptor
                0x000000000800aa4c       0x28 ./USB_DEVICE/App/usbd_desc.o
                0x000000000800aa4c                USBD_FS_ManufacturerStrDescriptor
 .text.USBD_FS_SerialStrDescriptor
                0x000000000800aa74       0x24 ./USB_DEVICE/App/usbd_desc.o
                0x000000000800aa74                USBD_FS_SerialStrDescriptor
 .text.USBD_FS_ConfigStrDescriptor
                0x000000000800aa98       0x3c ./USB_DEVICE/App/usbd_desc.o
                0x000000000800aa98                USBD_FS_ConfigStrDescriptor
 .text.USBD_FS_InterfaceStrDescriptor
                0x000000000800aad4       0x3c ./USB_DEVICE/App/usbd_desc.o
                0x000000000800aad4                USBD_FS_InterfaceStrDescriptor
 .text.USBD_FS_USR_BOSDescriptor
                0x000000000800ab10       0x24 ./USB_DEVICE/App/usbd_desc.o
                0x000000000800ab10                USBD_FS_USR_BOSDescriptor
 .text.Get_SerialNum
                0x000000000800ab34       0x58 ./USB_DEVICE/App/usbd_desc.o
 .text.IntToUnicode
                0x000000000800ab8c       0x7e ./USB_DEVICE/App/usbd_desc.o
 *fill*         0x000000000800ac0a        0x2 
 .text.HAL_PCD_MspInit
                0x000000000800ac0c      0x148 ./USB_DEVICE/Target/usbd_conf.o
                0x000000000800ac0c                HAL_PCD_MspInit
 .text.HAL_PCD_SetupStageCallback
                0x000000000800ad54       0x24 ./USB_DEVICE/Target/usbd_conf.o
                0x000000000800ad54                HAL_PCD_SetupStageCallback
 .text.HAL_PCD_DataOutStageCallback
                0x000000000800ad78       0x36 ./USB_DEVICE/Target/usbd_conf.o
                0x000000000800ad78                HAL_PCD_DataOutStageCallback
 .text.HAL_PCD_DataInStageCallback
                0x000000000800adae       0x34 ./USB_DEVICE/Target/usbd_conf.o
                0x000000000800adae                HAL_PCD_DataInStageCallback
 .text.HAL_PCD_SOFCallback
                0x000000000800ade2       0x1c ./USB_DEVICE/Target/usbd_conf.o
                0x000000000800ade2                HAL_PCD_SOFCallback
 .text.HAL_PCD_ResetCallback
                0x000000000800adfe       0x3c ./USB_DEVICE/Target/usbd_conf.o
                0x000000000800adfe                HAL_PCD_ResetCallback
 *fill*         0x000000000800ae3a        0x2 
 .text.HAL_PCD_SuspendCallback
                0x000000000800ae3c       0x4c ./USB_DEVICE/Target/usbd_conf.o
                0x000000000800ae3c                HAL_PCD_SuspendCallback
 .text.HAL_PCD_ResumeCallback
                0x000000000800ae88       0x50 ./USB_DEVICE/Target/usbd_conf.o
                0x000000000800ae88                HAL_PCD_ResumeCallback
 .text.HAL_PCD_ISOOUTIncompleteCallback
                0x000000000800aed8       0x24 ./USB_DEVICE/Target/usbd_conf.o
                0x000000000800aed8                HAL_PCD_ISOOUTIncompleteCallback
 .text.HAL_PCD_ISOINIncompleteCallback
                0x000000000800aefc       0x24 ./USB_DEVICE/Target/usbd_conf.o
                0x000000000800aefc                HAL_PCD_ISOINIncompleteCallback
 .text.HAL_PCD_ConnectCallback
                0x000000000800af20       0x1c ./USB_DEVICE/Target/usbd_conf.o
                0x000000000800af20                HAL_PCD_ConnectCallback
 .text.HAL_PCD_DisconnectCallback
                0x000000000800af3c       0x1c ./USB_DEVICE/Target/usbd_conf.o
                0x000000000800af3c                HAL_PCD_DisconnectCallback
 .text.USBD_LL_Init
                0x000000000800af58       0x98 ./USB_DEVICE/Target/usbd_conf.o
                0x000000000800af58                USBD_LL_Init
 .text.USBD_LL_Start
                0x000000000800aff0       0x64 ./USB_DEVICE/Target/usbd_conf.o
                0x000000000800aff0                USBD_LL_Start
 .text.USBD_LL_OpenEP
                0x000000000800b054       0x7c ./USB_DEVICE/Target/usbd_conf.o
                0x000000000800b054                USBD_LL_OpenEP
 .text.USBD_LL_CloseEP
                0x000000000800b0d0       0x6c ./USB_DEVICE/Target/usbd_conf.o
                0x000000000800b0d0                USBD_LL_CloseEP
 .text.USBD_LL_StallEP
                0x000000000800b13c       0x6c ./USB_DEVICE/Target/usbd_conf.o
                0x000000000800b13c                USBD_LL_StallEP
 .text.USBD_LL_ClearStallEP
                0x000000000800b1a8       0x6c ./USB_DEVICE/Target/usbd_conf.o
                0x000000000800b1a8                USBD_LL_ClearStallEP
 .text.USBD_LL_IsStallEP
                0x000000000800b214       0x58 ./USB_DEVICE/Target/usbd_conf.o
                0x000000000800b214                USBD_LL_IsStallEP
 .text.USBD_LL_SetUSBAddress
                0x000000000800b26c       0x6c ./USB_DEVICE/Target/usbd_conf.o
                0x000000000800b26c                USBD_LL_SetUSBAddress
 .text.USBD_LL_Transmit
                0x000000000800b2d8       0x70 ./USB_DEVICE/Target/usbd_conf.o
                0x000000000800b2d8                USBD_LL_Transmit
 .text.USBD_LL_PrepareReceive
                0x000000000800b348       0x70 ./USB_DEVICE/Target/usbd_conf.o
                0x000000000800b348                USBD_LL_PrepareReceive
 .text.HAL_PCDEx_LPM_Callback
                0x000000000800b3b8       0x9c ./USB_DEVICE/Target/usbd_conf.o
                0x000000000800b3b8                HAL_PCDEx_LPM_Callback
 .text.USBD_static_malloc
                0x000000000800b454       0x1c ./USB_DEVICE/Target/usbd_conf.o
                0x000000000800b454                USBD_static_malloc
 .text.USBD_static_free
                0x000000000800b470       0x14 ./USB_DEVICE/Target/usbd_conf.o
                0x000000000800b470                USBD_static_free
 .text.SystemClockConfig_Resume
                0x000000000800b484        0xc ./USB_DEVICE/Target/usbd_conf.o
 .text.memset   0x000000000800b490       0x10 /opt/st/stm32cubeide_1.13.2/plugins/com.st.stm32cube.ide.mcu.externaltools.gnu-tools-for-stm32.11.3.rel1.linux64_1.1.1.202309131626/tools/bin/../lib/gcc/arm-none-eabi/11.3.1/../../../../arm-none-eabi/lib/thumb/v7e-m+fp/hard/libc_nano.a(libc_a-memset.o)
                0x000000000800b490                memset
 .text.__libc_init_array
                0x000000000800b4a0       0x48 /opt/st/stm32cubeide_1.13.2/plugins/com.st.stm32cube.ide.mcu.externaltools.gnu-tools-for-stm32.11.3.rel1.linux64_1.1.1.202309131626/tools/bin/../lib/gcc/arm-none-eabi/11.3.1/../../../../arm-none-eabi/lib/thumb/v7e-m+fp/hard/libc_nano.a(libc_a-init.o)
                0x000000000800b4a0                __libc_init_array
 .text.memcpy   0x000000000800b4e8       0x1c /opt/st/stm32cubeide_1.13.2/plugins/com.st.stm32cube.ide.mcu.externaltools.gnu-tools-for-stm32.11.3.rel1.linux64_1.1.1.202309131626/tools/bin/../lib/gcc/arm-none-eabi/11.3.1/../../../../arm-none-eabi/lib/thumb/v7e-m+fp/hard/libc_nano.a(libc_a-memcpy-stub.o)
                0x000000000800b4e8                memcpy
 *(.glue_7)
 .glue_7        0x000000000800b504        0x0 linker stubs
 *(.glue_7t)
 .glue_7t       0x000000000800b504        0x0 linker stubs
 *(.eh_frame)
 .eh_frame      0x000000000800b504        0x0 /opt/st/stm32cubeide_1.13.2/plugins/com.st.stm32cube.ide.mcu.externaltools.gnu-tools-for-stm32.11.3.rel1.linux64_1.1.1.202309131626/tools/bin/../lib/gcc/arm-none-eabi/11.3.1/thumb/v7e-m+fp/hard/crtbegin.o
 *(.init)
 .init          0x000000000800b504        0x4 /opt/st/stm32cubeide_1.13.2/plugins/com.st.stm32cube.ide.mcu.externaltools.gnu-tools-for-stm32.11.3.rel1.linux64_1.1.1.202309131626/tools/bin/../lib/gcc/arm-none-eabi/11.3.1/thumb/v7e-m+fp/hard/crti.o
                0x000000000800b504                _init
 .init          0x000000000800b508        0x8 /opt/st/stm32cubeide_1.13.2/plugins/com.st.stm32cube.ide.mcu.externaltools.gnu-tools-for-stm32.11.3.rel1.linux64_1.1.1.202309131626/tools/bin/../lib/gcc/arm-none-eabi/11.3.1/thumb/v7e-m+fp/hard/crtn.o
 *(.fini)
 .fini          0x000000000800b510        0x4 /opt/st/stm32cubeide_1.13.2/plugins/com.st.stm32cube.ide.mcu.externaltools.gnu-tools-for-stm32.11.3.rel1.linux64_1.1.1.202309131626/tools/bin/../lib/gcc/arm-none-eabi/11.3.1/thumb/v7e-m+fp/hard/crti.o
                0x000000000800b510                _fini
 .fini          0x000000000800b514        0x8 /opt/st/stm32cubeide_1.13.2/plugins/com.st.stm32cube.ide.mcu.externaltools.gnu-tools-for-stm32.11.3.rel1.linux64_1.1.1.202309131626/tools/bin/../lib/gcc/arm-none-eabi/11.3.1/thumb/v7e-m+fp/hard/crtn.o
                0x000000000800b51c                . = ALIGN (0x4)
                0x000000000800b51c                _etext = .

.vfp11_veneer   0x000000000800b51c        0x0
 .vfp11_veneer  0x000000000800b51c        0x0 linker stubs

.v4_bx          0x000000000800b51c        0x0
 .v4_bx         0x000000000800b51c        0x0 linker stubs

.iplt           0x000000000800b51c        0x0
 .iplt          0x000000000800b51c        0x0 /opt/st/stm32cubeide_1.13.2/plugins/com.st.stm32cube.ide.mcu.externaltools.gnu-tools-for-stm32.11.3.rel1.linux64_1.1.1.202309131626/tools/bin/../lib/gcc/arm-none-eabi/11.3.1/thumb/v7e-m+fp/hard/crtbegin.o

.rodata         0x000000000800b51c      0x10c
                0x000000000800b51c                . = ALIGN (0x4)
 *(.rodata)
 .rodata        0x000000000800b51c       0x19 ./Core/Src/main.o
 *fill*         0x000000000800b535        0x3 
 .rodata        0x000000000800b538        0x5 ./Middlewares/Third_Party/FreeRTOS/Source/tasks.o
 *fill*         0x000000000800b53d        0x3 
 .rodata        0x000000000800b540        0xd ./Middlewares/Third_Party/FreeRTOS/Source/timers.o
 *fill*         0x000000000800b54d        0x3 
 .rodata        0x000000000800b550       0x46 ./USB_DEVICE/App/usbd_desc.o
 *(.rodata*)
 *fill*         0x000000000800b596        0x2 
 .rodata.defaultTask_attributes
                0x000000000800b598       0x24 ./Core/Src/main.o
                0x000000000800b598                defaultTask_attributes
 .rodata.checkkeysTaskHandle_attributes
                0x000000000800b5bc       0x24 ./Core/Src/main.o
                0x000000000800b5bc                checkkeysTaskHandle_attributes
 .rodata.AHBPrescTable
                0x000000000800b5e0       0x10 ./Core/Src/system_stm32l4xx.o
                0x000000000800b5e0                AHBPrescTable
 .rodata.APBPrescTable
                0x000000000800b5f0        0x8 ./Core/Src/system_stm32l4xx.o
                0x000000000800b5f0                APBPrescTable
 .rodata.MSIRangeTable
                0x000000000800b5f8       0x30 ./Core/Src/system_stm32l4xx.o
                0x000000000800b5f8                MSIRangeTable
                0x000000000800b628                . = ALIGN (0x4)

.ARM.extab      0x000000000800b628        0x0
                0x000000000800b628                . = ALIGN (0x4)
 *(.ARM.extab* .gnu.linkonce.armextab.*)
                0x000000000800b628                . = ALIGN (0x4)

.ARM            0x000000000800b628        0x8
                0x000000000800b628                . = ALIGN (0x4)
                0x000000000800b628                __exidx_start = .
 *(.ARM.exidx*)
 .ARM.exidx     0x000000000800b628        0x8 /opt/st/stm32cubeide_1.13.2/plugins/com.st.stm32cube.ide.mcu.externaltools.gnu-tools-for-stm32.11.3.rel1.linux64_1.1.1.202309131626/tools/bin/../lib/gcc/arm-none-eabi/11.3.1/thumb/v7e-m+fp/hard/libgcc.a(_udivmoddi4.o)
                0x000000000800b630                __exidx_end = .
                0x000000000800b630                . = ALIGN (0x4)

.rel.dyn        0x000000000800b630        0x0
 .rel.iplt      0x000000000800b630        0x0 /opt/st/stm32cubeide_1.13.2/plugins/com.st.stm32cube.ide.mcu.externaltools.gnu-tools-for-stm32.11.3.rel1.linux64_1.1.1.202309131626/tools/bin/../lib/gcc/arm-none-eabi/11.3.1/thumb/v7e-m+fp/hard/crtbegin.o

.preinit_array  0x000000000800b630        0x0
                0x000000000800b630                . = ALIGN (0x4)
                0x000000000800b630                PROVIDE (__preinit_array_start = .)
 *(.preinit_array*)
                0x000000000800b630                PROVIDE (__preinit_array_end = .)
                0x000000000800b630                . = ALIGN (0x4)

.init_array     0x000000000800b630        0x4
                0x000000000800b630                . = ALIGN (0x4)
                0x000000000800b630                PROVIDE (__init_array_start = .)
 *(SORT_BY_NAME(.init_array.*))
 *(.init_array*)
 .init_array    0x000000000800b630        0x4 /opt/st/stm32cubeide_1.13.2/plugins/com.st.stm32cube.ide.mcu.externaltools.gnu-tools-for-stm32.11.3.rel1.linux64_1.1.1.202309131626/tools/bin/../lib/gcc/arm-none-eabi/11.3.1/thumb/v7e-m+fp/hard/crtbegin.o
                0x000000000800b634                PROVIDE (__init_array_end = .)
                0x000000000800b634                . = ALIGN (0x4)

.fini_array     0x000000000800b634        0x4
                0x000000000800b634                . = ALIGN (0x4)
                [!provide]                        PROVIDE (__fini_array_start = .)
 *(SORT_BY_NAME(.fini_array.*))
 *(.fini_array*)
 .fini_array    0x000000000800b634        0x4 /opt/st/stm32cubeide_1.13.2/plugins/com.st.stm32cube.ide.mcu.externaltools.gnu-tools-for-stm32.11.3.rel1.linux64_1.1.1.202309131626/tools/bin/../lib/gcc/arm-none-eabi/11.3.1/thumb/v7e-m+fp/hard/crtbegin.o
                [!provide]                        PROVIDE (__fini_array_end = .)
                0x000000000800b638                . = ALIGN (0x4)
                0x000000000800b638                _sidata = LOADADDR (.data)

.data           0x0000000020000000      0x130 load address 0x000000000800b638
                0x0000000020000000                . = ALIGN (0x4)
                0x0000000020000000                _sdata = .
 *(.data)
 *(.data*)
 .data.SystemCoreClock
                0x0000000020000000        0x4 ./Core/Src/system_stm32l4xx.o
                0x0000000020000000                SystemCoreClock
 .data.uwTickPrio
                0x0000000020000004        0x4 ./Drivers/STM32L4xx_HAL_Driver/Src/stm32l4xx_hal.o
                0x0000000020000004                uwTickPrio
 .data.uwTickFreq
                0x0000000020000008        0x1 ./Drivers/STM32L4xx_HAL_Driver/Src/stm32l4xx_hal.o
                0x0000000020000008                uwTickFreq
 *fill*         0x0000000020000009        0x3 
 .data.USBD_HID
                0x000000002000000c       0x38 ./Middlewares/ST/STM32_USB_Device_Library/Class/HID/Src/usbd_hid.o
                0x000000002000000c                USBD_HID
 .data.USBD_HID_CfgDesc
                0x0000000020000044       0x22 ./Middlewares/ST/STM32_USB_Device_Library/Class/HID/Src/usbd_hid.o
 *fill*         0x0000000020000066        0x2 
 .data.USBD_HID_Desc
                0x0000000020000068        0x9 ./Middlewares/ST/STM32_USB_Device_Library/Class/HID/Src/usbd_hid.o
 *fill*         0x0000000020000071        0x3 
 .data.USBD_HID_DeviceQualifierDesc
                0x0000000020000074        0xa ./Middlewares/ST/STM32_USB_Device_Library/Class/HID/Src/usbd_hid.o
 *fill*         0x000000002000007e        0x2 
 .data.HID_MOUSE_ReportDesc
                0x0000000020000080       0x4a ./Middlewares/ST/STM32_USB_Device_Library/Class/HID/Src/usbd_hid.o
 .data.HIDInEpAdd
                0x00000000200000ca        0x1 ./Middlewares/ST/STM32_USB_Device_Library/Class/HID/Src/usbd_hid.o
 *fill*         0x00000000200000cb        0x1 
 .data.uxCriticalNesting
                0x00000000200000cc        0x4 ./Middlewares/Third_Party/FreeRTOS/Source/portable/GCC/ARM_CM4F/port.o
 .data.FS_Desc  0x00000000200000d0       0x20 ./USB_DEVICE/App/usbd_desc.o
                0x00000000200000d0                FS_Desc
 .data.USBD_FS_DeviceDesc
                0x00000000200000f0       0x12 ./USB_DEVICE/App/usbd_desc.o
                0x00000000200000f0                USBD_FS_DeviceDesc
 *fill*         0x0000000020000102        0x2 
 .data.USBD_FS_BOSDesc
                0x0000000020000104        0xc ./USB_DEVICE/App/usbd_desc.o
                0x0000000020000104                USBD_FS_BOSDesc
 .data.USBD_LangIDDesc
                0x0000000020000110        0x4 ./USB_DEVICE/App/usbd_desc.o
                0x0000000020000110                USBD_LangIDDesc
 .data.USBD_StringSerial
                0x0000000020000114       0x1a ./USB_DEVICE/App/usbd_desc.o
                0x0000000020000114                USBD_StringSerial
 *(.RamFunc)
 *(.RamFunc*)
                0x0000000020000130                . = ALIGN (0x4)
 *fill*         0x000000002000012e        0x2 
                0x0000000020000130                _edata = .

.igot.plt       0x0000000020000130        0x0 load address 0x000000000800b768
 .igot.plt      0x0000000020000130        0x0 /opt/st/stm32cubeide_1.13.2/plugins/com.st.stm32cube.ide.mcu.externaltools.gnu-tools-for-stm32.11.3.rel1.linux64_1.1.1.202309131626/tools/bin/../lib/gcc/arm-none-eabi/11.3.1/thumb/v7e-m+fp/hard/crtbegin.o
                0x0000000020000130                . = ALIGN (0x4)

.bss            0x0000000020000130     0x2404 load address 0x000000000800b768
                0x0000000020000130                _sbss = .
                0x0000000020000130                __bss_start__ = _sbss
 *(.bss)
 .bss           0x0000000020000130       0x1c /opt/st/stm32cubeide_1.13.2/plugins/com.st.stm32cube.ide.mcu.externaltools.gnu-tools-for-stm32.11.3.rel1.linux64_1.1.1.202309131626/tools/bin/../lib/gcc/arm-none-eabi/11.3.1/thumb/v7e-m+fp/hard/crtbegin.o
 *(.bss*)
 .bss.hlpuart1  0x000000002000014c       0x88 ./Core/Src/main.o
                0x000000002000014c                hlpuart1
 .bss.htim2     0x00000000200001d4       0x4c ./Core/Src/main.o
                0x00000000200001d4                htim2
 .bss.defaultTaskHandle
                0x0000000020000220        0x4 ./Core/Src/main.o
                0x0000000020000220                defaultTaskHandle
 .bss.checkkeysTaskHandle
                0x0000000020000224        0x4 ./Core/Src/main.o
                0x0000000020000224                checkkeysTaskHandle
 .bss.uwTick    0x0000000020000228        0x4 ./Drivers/STM32L4xx_HAL_Driver/Src/stm32l4xx_hal.o
                0x0000000020000228                uwTick
 .bss.cfgidx.0  0x000000002000022c        0x1 ./Middlewares/ST/STM32_USB_Device_Library/Core/Src/usbd_ctlreq.o
 *fill*         0x000000002000022d        0x3 
 .bss.KernelState
                0x0000000020000230        0x4 ./Middlewares/Third_Party/FreeRTOS/Source/CMSIS_RTOS_V2/cmsis_os2.o
 .bss.Idle_TCB.3
                0x0000000020000234       0x5c ./Middlewares/Third_Party/FreeRTOS/Source/CMSIS_RTOS_V2/cmsis_os2.o
 .bss.Idle_Stack.2
                0x0000000020000290      0x200 ./Middlewares/Third_Party/FreeRTOS/Source/CMSIS_RTOS_V2/cmsis_os2.o
 .bss.Timer_TCB.1
                0x0000000020000490       0x5c ./Middlewares/Third_Party/FreeRTOS/Source/CMSIS_RTOS_V2/cmsis_os2.o
 .bss.Timer_Stack.0
                0x00000000200004ec      0x400 ./Middlewares/Third_Party/FreeRTOS/Source/CMSIS_RTOS_V2/cmsis_os2.o
 .bss.xQueueRegistry
                0x00000000200008ec       0x40 ./Middlewares/Third_Party/FreeRTOS/Source/queue.o
                0x00000000200008ec                xQueueRegistry
 .bss.pxCurrentTCB
                0x000000002000092c        0x4 ./Middlewares/Third_Party/FreeRTOS/Source/tasks.o
                0x000000002000092c                pxCurrentTCB
 .bss.pxReadyTasksLists
                0x0000000020000930      0x460 ./Middlewares/Third_Party/FreeRTOS/Source/tasks.o
 .bss.xDelayedTaskList1
                0x0000000020000d90       0x14 ./Middlewares/Third_Party/FreeRTOS/Source/tasks.o
 .bss.xDelayedTaskList2
                0x0000000020000da4       0x14 ./Middlewares/Third_Party/FreeRTOS/Source/tasks.o
 .bss.pxDelayedTaskList
                0x0000000020000db8        0x4 ./Middlewares/Third_Party/FreeRTOS/Source/tasks.o
 .bss.pxOverflowDelayedTaskList
                0x0000000020000dbc        0x4 ./Middlewares/Third_Party/FreeRTOS/Source/tasks.o
 .bss.xPendingReadyList
                0x0000000020000dc0       0x14 ./Middlewares/Third_Party/FreeRTOS/Source/tasks.o
 .bss.xTasksWaitingTermination
                0x0000000020000dd4       0x14 ./Middlewares/Third_Party/FreeRTOS/Source/tasks.o
 .bss.uxDeletedTasksWaitingCleanUp
                0x0000000020000de8        0x4 ./Middlewares/Third_Party/FreeRTOS/Source/tasks.o
 .bss.xSuspendedTaskList
                0x0000000020000dec       0x14 ./Middlewares/Third_Party/FreeRTOS/Source/tasks.o
 .bss.uxCurrentNumberOfTasks
                0x0000000020000e00        0x4 ./Middlewares/Third_Party/FreeRTOS/Source/tasks.o
 .bss.xTickCount
                0x0000000020000e04        0x4 ./Middlewares/Third_Party/FreeRTOS/Source/tasks.o
 .bss.uxTopReadyPriority
                0x0000000020000e08        0x4 ./Middlewares/Third_Party/FreeRTOS/Source/tasks.o
 .bss.xSchedulerRunning
                0x0000000020000e0c        0x4 ./Middlewares/Third_Party/FreeRTOS/Source/tasks.o
 .bss.xPendedTicks
                0x0000000020000e10        0x4 ./Middlewares/Third_Party/FreeRTOS/Source/tasks.o
 .bss.xYieldPending
                0x0000000020000e14        0x4 ./Middlewares/Third_Party/FreeRTOS/Source/tasks.o
 .bss.xNumOfOverflows
                0x0000000020000e18        0x4 ./Middlewares/Third_Party/FreeRTOS/Source/tasks.o
 .bss.uxTaskNumber
                0x0000000020000e1c        0x4 ./Middlewares/Third_Party/FreeRTOS/Source/tasks.o
 .bss.xNextTaskUnblockTime
                0x0000000020000e20        0x4 ./Middlewares/Third_Party/FreeRTOS/Source/tasks.o
 .bss.xIdleTaskHandle
                0x0000000020000e24        0x4 ./Middlewares/Third_Party/FreeRTOS/Source/tasks.o
 .bss.uxSchedulerSuspended
                0x0000000020000e28        0x4 ./Middlewares/Third_Party/FreeRTOS/Source/tasks.o
 .bss.xActiveTimerList1
                0x0000000020000e2c       0x14 ./Middlewares/Third_Party/FreeRTOS/Source/timers.o
 .bss.xActiveTimerList2
                0x0000000020000e40       0x14 ./Middlewares/Third_Party/FreeRTOS/Source/timers.o
 .bss.pxCurrentTimerList
                0x0000000020000e54        0x4 ./Middlewares/Third_Party/FreeRTOS/Source/timers.o
 .bss.pxOverflowTimerList
                0x0000000020000e58        0x4 ./Middlewares/Third_Party/FreeRTOS/Source/timers.o
 .bss.xTimerQueue
                0x0000000020000e5c        0x4 ./Middlewares/Third_Party/FreeRTOS/Source/timers.o
 .bss.xTimerTaskHandle
                0x0000000020000e60        0x4 ./Middlewares/Third_Party/FreeRTOS/Source/timers.o
 .bss.xLastTime.2
                0x0000000020000e64        0x4 ./Middlewares/Third_Party/FreeRTOS/Source/timers.o
 .bss.ucStaticTimerQueueStorage.1
                0x0000000020000e68       0xa0 ./Middlewares/Third_Party/FreeRTOS/Source/timers.o
 .bss.xStaticTimerQueue.0
                0x0000000020000f08       0x50 ./Middlewares/Third_Party/FreeRTOS/Source/timers.o
 .bss.ucMaxSysCallPriority
                0x0000000020000f58        0x1 ./Middlewares/Third_Party/FreeRTOS/Source/portable/GCC/ARM_CM4F/port.o
 *fill*         0x0000000020000f59        0x3 
 .bss.ulMaxPRIGROUPValue
                0x0000000020000f5c        0x4 ./Middlewares/Third_Party/FreeRTOS/Source/portable/GCC/ARM_CM4F/port.o
 .bss.ucHeap    0x0000000020000f60      0xbb8 ./Middlewares/Third_Party/FreeRTOS/Source/portable/MemMang/heap_4.o
 .bss.xStart    0x0000000020001b18        0x8 ./Middlewares/Third_Party/FreeRTOS/Source/portable/MemMang/heap_4.o
 .bss.pxEnd     0x0000000020001b20        0x4 ./Middlewares/Third_Party/FreeRTOS/Source/portable/MemMang/heap_4.o
 .bss.xFreeBytesRemaining
                0x0000000020001b24        0x4 ./Middlewares/Third_Party/FreeRTOS/Source/portable/MemMang/heap_4.o
 .bss.xMinimumEverFreeBytesRemaining
                0x0000000020001b28        0x4 ./Middlewares/Third_Party/FreeRTOS/Source/portable/MemMang/heap_4.o
 .bss.xNumberOfSuccessfulAllocations
                0x0000000020001b2c        0x4 ./Middlewares/Third_Party/FreeRTOS/Source/portable/MemMang/heap_4.o
 .bss.xNumberOfSuccessfulFrees
                0x0000000020001b30        0x4 ./Middlewares/Third_Party/FreeRTOS/Source/portable/MemMang/heap_4.o
 .bss.xBlockAllocatedBit
                0x0000000020001b34        0x4 ./Middlewares/Third_Party/FreeRTOS/Source/portable/MemMang/heap_4.o
 .bss.hUsbDeviceFS
                0x0000000020001b38      0x2dc ./USB_DEVICE/App/usb_device.o
                0x0000000020001b38                hUsbDeviceFS
 .bss.USBD_StrDesc
                0x0000000020001e14      0x200 ./USB_DEVICE/App/usbd_desc.o
                0x0000000020001e14                USBD_StrDesc
 .bss.hpcd_USB_OTG_FS
                0x0000000020002014      0x50c ./USB_DEVICE/Target/usbd_conf.o
                0x0000000020002014                hpcd_USB_OTG_FS
 .bss.mem.0     0x0000000020002520       0x14 ./USB_DEVICE/Target/usbd_conf.o
 *(COMMON)
                0x0000000020002534                . = ALIGN (0x4)
                0x0000000020002534                _ebss = .
                0x0000000020002534                __bss_end__ = _ebss

._user_heap_stack
                0x0000000020002534      0x604 load address 0x000000000800b768
                0x0000000020002538                . = ALIGN (0x8)
 *fill*         0x0000000020002534        0x4 
                [!provide]                        PROVIDE (end = .)
                0x0000000020002538                PROVIDE (_end = .)
                0x0000000020002738                . = (. + _Min_Heap_Size)
 *fill*         0x0000000020002538      0x200 
                0x0000000020002b38                . = (. + _Min_Stack_Size)
 *fill*         0x0000000020002738      0x400 
                0x0000000020002b38                . = ALIGN (0x8)

/DISCARD/
 libc.a(*)
 libm.a(*)
 libgcc.a(*)

.ARM.attributes
                0x0000000000000000       0x30
 *(.ARM.attributes)
 .ARM.attributes
                0x0000000000000000       0x1e /opt/st/stm32cubeide_1.13.2/plugins/com.st.stm32cube.ide.mcu.externaltools.gnu-tools-for-stm32.11.3.rel1.linux64_1.1.1.202309131626/tools/bin/../lib/gcc/arm-none-eabi/11.3.1/thumb/v7e-m+fp/hard/crti.o
 .ARM.attributes
                0x000000000000001e       0x34 /opt/st/stm32cubeide_1.13.2/plugins/com.st.stm32cube.ide.mcu.externaltools.gnu-tools-for-stm32.11.3.rel1.linux64_1.1.1.202309131626/tools/bin/../lib/gcc/arm-none-eabi/11.3.1/thumb/v7e-m+fp/hard/crtbegin.o
 .ARM.attributes
                0x0000000000000052       0x34 ./Core/Src/main.o
 .ARM.attributes
                0x0000000000000086       0x34 ./Core/Src/stm32l4xx_hal_msp.o
 .ARM.attributes
                0x00000000000000ba       0x34 ./Core/Src/stm32l4xx_it.o
 .ARM.attributes
                0x00000000000000ee       0x34 ./Core/Src/system_stm32l4xx.o
 .ARM.attributes
                0x0000000000000122       0x21 ./Core/Startup/startup_stm32l496zgtx.o
 .ARM.attributes
                0x0000000000000143       0x34 ./Drivers/STM32L4xx_HAL_Driver/Src/stm32l4xx_hal.o
 .ARM.attributes
                0x0000000000000177       0x34 ./Drivers/STM32L4xx_HAL_Driver/Src/stm32l4xx_hal_cortex.o
 .ARM.attributes
                0x00000000000001ab       0x34 ./Drivers/STM32L4xx_HAL_Driver/Src/stm32l4xx_hal_gpio.o
 .ARM.attributes
                0x00000000000001df       0x34 ./Drivers/STM32L4xx_HAL_Driver/Src/stm32l4xx_hal_pcd.o
 .ARM.attributes
                0x0000000000000213       0x34 ./Drivers/STM32L4xx_HAL_Driver/Src/stm32l4xx_hal_pcd_ex.o
 .ARM.attributes
                0x0000000000000247       0x34 ./Drivers/STM32L4xx_HAL_Driver/Src/stm32l4xx_hal_pwr.o
 .ARM.attributes
                0x000000000000027b       0x34 ./Drivers/STM32L4xx_HAL_Driver/Src/stm32l4xx_hal_pwr_ex.o
 .ARM.attributes
                0x00000000000002af       0x34 ./Drivers/STM32L4xx_HAL_Driver/Src/stm32l4xx_hal_rcc.o
 .ARM.attributes
                0x00000000000002e3       0x34 ./Drivers/STM32L4xx_HAL_Driver/Src/stm32l4xx_hal_rcc_ex.o
 .ARM.attributes
                0x0000000000000317       0x34 ./Drivers/STM32L4xx_HAL_Driver/Src/stm32l4xx_hal_tim.o
 .ARM.attributes
                0x000000000000034b       0x34 ./Drivers/STM32L4xx_HAL_Driver/Src/stm32l4xx_hal_tim_ex.o
 .ARM.attributes
                0x000000000000037f       0x34 ./Drivers/STM32L4xx_HAL_Driver/Src/stm32l4xx_hal_uart.o
 .ARM.attributes
                0x00000000000003b3       0x34 ./Drivers/STM32L4xx_HAL_Driver/Src/stm32l4xx_ll_usb.o
 .ARM.attributes
                0x00000000000003e7       0x34 ./Middlewares/ST/STM32_USB_Device_Library/Class/HID/Src/usbd_hid.o
 .ARM.attributes
                0x000000000000041b       0x34 ./Middlewares/ST/STM32_USB_Device_Library/Core/Src/usbd_core.o
 .ARM.attributes
                0x000000000000044f       0x34 ./Middlewares/ST/STM32_USB_Device_Library/Core/Src/usbd_ctlreq.o
 .ARM.attributes
                0x0000000000000483       0x34 ./Middlewares/ST/STM32_USB_Device_Library/Core/Src/usbd_ioreq.o
 .ARM.attributes
                0x00000000000004b7       0x34 ./Middlewares/Third_Party/FreeRTOS/Source/CMSIS_RTOS_V2/cmsis_os2.o
 .ARM.attributes
                0x00000000000004eb       0x34 ./Middlewares/Third_Party/FreeRTOS/Source/list.o
 .ARM.attributes
                0x000000000000051f       0x34 ./Middlewares/Third_Party/FreeRTOS/Source/queue.o
 .ARM.attributes
                0x0000000000000553       0x34 ./Middlewares/Third_Party/FreeRTOS/Source/tasks.o
 .ARM.attributes
                0x0000000000000587       0x34 ./Middlewares/Third_Party/FreeRTOS/Source/timers.o
 .ARM.attributes
                0x00000000000005bb       0x34 ./Middlewares/Third_Party/FreeRTOS/Source/portable/GCC/ARM_CM4F/port.o
 .ARM.attributes
                0x00000000000005ef       0x34 ./Middlewares/Third_Party/FreeRTOS/Source/portable/MemMang/heap_4.o
 .ARM.attributes
                0x0000000000000623       0x34 ./USB_DEVICE/App/usb_device.o
 .ARM.attributes
                0x0000000000000657       0x34 ./USB_DEVICE/App/usbd_desc.o
 .ARM.attributes
                0x000000000000068b       0x34 ./USB_DEVICE/Target/usbd_conf.o
 .ARM.attributes
                0x00000000000006bf       0x34 /opt/st/stm32cubeide_1.13.2/plugins/com.st.stm32cube.ide.mcu.externaltools.gnu-tools-for-stm32.11.3.rel1.linux64_1.1.1.202309131626/tools/bin/../lib/gcc/arm-none-eabi/11.3.1/../../../../arm-none-eabi/lib/thumb/v7e-m+fp/hard/libc_nano.a(libc_a-memset.o)
 .ARM.attributes
                0x00000000000006f3       0x34 /opt/st/stm32cubeide_1.13.2/plugins/com.st.stm32cube.ide.mcu.externaltools.gnu-tools-for-stm32.11.3.rel1.linux64_1.1.1.202309131626/tools/bin/../lib/gcc/arm-none-eabi/11.3.1/../../../../arm-none-eabi/lib/thumb/v7e-m+fp/hard/libc_nano.a(libc_a-init.o)
 .ARM.attributes
                0x0000000000000727       0x34 /opt/st/stm32cubeide_1.13.2/plugins/com.st.stm32cube.ide.mcu.externaltools.gnu-tools-for-stm32.11.3.rel1.linux64_1.1.1.202309131626/tools/bin/../lib/gcc/arm-none-eabi/11.3.1/../../../../arm-none-eabi/lib/thumb/v7e-m+fp/hard/libc_nano.a(libc_a-memcpy-stub.o)
 .ARM.attributes
                0x000000000000075b       0x1e /opt/st/stm32cubeide_1.13.2/plugins/com.st.stm32cube.ide.mcu.externaltools.gnu-tools-for-stm32.11.3.rel1.linux64_1.1.1.202309131626/tools/bin/../lib/gcc/arm-none-eabi/11.3.1/thumb/v7e-m+fp/hard/libgcc.a(_aeabi_uldivmod.o)
 .ARM.attributes
                0x0000000000000779       0x34 /opt/st/stm32cubeide_1.13.2/plugins/com.st.stm32cube.ide.mcu.externaltools.gnu-tools-for-stm32.11.3.rel1.linux64_1.1.1.202309131626/tools/bin/../lib/gcc/arm-none-eabi/11.3.1/thumb/v7e-m+fp/hard/libgcc.a(_udivmoddi4.o)
 .ARM.attributes
                0x00000000000007ad       0x1e /opt/st/stm32cubeide_1.13.2/plugins/com.st.stm32cube.ide.mcu.externaltools.gnu-tools-for-stm32.11.3.rel1.linux64_1.1.1.202309131626/tools/bin/../lib/gcc/arm-none-eabi/11.3.1/thumb/v7e-m+fp/hard/libgcc.a(_dvmd_tls.o)
 .ARM.attributes
                0x00000000000007cb       0x1e /opt/st/stm32cubeide_1.13.2/plugins/com.st.stm32cube.ide.mcu.externaltools.gnu-tools-for-stm32.11.3.rel1.linux64_1.1.1.202309131626/tools/bin/../lib/gcc/arm-none-eabi/11.3.1/thumb/v7e-m+fp/hard/crtn.o
OUTPUT(gamemancontroller_full.elf elf32-littlearm)
LOAD linker stubs
LOAD /opt/st/stm32cubeide_1.13.2/plugins/com.st.stm32cube.ide.mcu.externaltools.gnu-tools-for-stm32.11.3.rel1.linux64_1.1.1.202309131626/tools/bin/../lib/gcc/arm-none-eabi/11.3.1/../../../../arm-none-eabi/lib/thumb/v7e-m+fp/hard/libc.a
LOAD /opt/st/stm32cubeide_1.13.2/plugins/com.st.stm32cube.ide.mcu.externaltools.gnu-tools-for-stm32.11.3.rel1.linux64_1.1.1.202309131626/tools/bin/../lib/gcc/arm-none-eabi/11.3.1/../../../../arm-none-eabi/lib/thumb/v7e-m+fp/hard/libm.a
LOAD /opt/st/stm32cubeide_1.13.2/plugins/com.st.stm32cube.ide.mcu.externaltools.gnu-tools-for-stm32.11.3.rel1.linux64_1.1.1.202309131626/tools/bin/../lib/gcc/arm-none-eabi/11.3.1/thumb/v7e-m+fp/hard/libgcc.a

.comment        0x0000000000000000       0x43
 .comment       0x0000000000000000       0x43 /opt/st/stm32cubeide_1.13.2/plugins/com.st.stm32cube.ide.mcu.externaltools.gnu-tools-for-stm32.11.3.rel1.linux64_1.1.1.202309131626/tools/bin/../lib/gcc/arm-none-eabi/11.3.1/thumb/v7e-m+fp/hard/crtbegin.o
                                         0x44 (size before relaxing)
 .comment       0x0000000000000043       0x44 ./Core/Src/main.o
 .comment       0x0000000000000043       0x44 ./Core/Src/stm32l4xx_hal_msp.o
 .comment       0x0000000000000043       0x44 ./Core/Src/stm32l4xx_it.o
 .comment       0x0000000000000043       0x44 ./Core/Src/system_stm32l4xx.o
 .comment       0x0000000000000043       0x44 ./Drivers/STM32L4xx_HAL_Driver/Src/stm32l4xx_hal.o
 .comment       0x0000000000000043       0x44 ./Drivers/STM32L4xx_HAL_Driver/Src/stm32l4xx_hal_cortex.o
 .comment       0x0000000000000043       0x44 ./Drivers/STM32L4xx_HAL_Driver/Src/stm32l4xx_hal_gpio.o
 .comment       0x0000000000000043       0x44 ./Drivers/STM32L4xx_HAL_Driver/Src/stm32l4xx_hal_pcd.o
 .comment       0x0000000000000043       0x44 ./Drivers/STM32L4xx_HAL_Driver/Src/stm32l4xx_hal_pcd_ex.o
 .comment       0x0000000000000043       0x44 ./Drivers/STM32L4xx_HAL_Driver/Src/stm32l4xx_hal_pwr.o
 .comment       0x0000000000000043       0x44 ./Drivers/STM32L4xx_HAL_Driver/Src/stm32l4xx_hal_pwr_ex.o
 .comment       0x0000000000000043       0x44 ./Drivers/STM32L4xx_HAL_Driver/Src/stm32l4xx_hal_rcc.o
 .comment       0x0000000000000043       0x44 ./Drivers/STM32L4xx_HAL_Driver/Src/stm32l4xx_hal_rcc_ex.o
 .comment       0x0000000000000043       0x44 ./Drivers/STM32L4xx_HAL_Driver/Src/stm32l4xx_hal_tim.o
 .comment       0x0000000000000043       0x44 ./Drivers/STM32L4xx_HAL_Driver/Src/stm32l4xx_hal_tim_ex.o
 .comment       0x0000000000000043       0x44 ./Drivers/STM32L4xx_HAL_Driver/Src/stm32l4xx_hal_uart.o
 .comment       0x0000000000000043       0x44 ./Drivers/STM32L4xx_HAL_Driver/Src/stm32l4xx_ll_usb.o
 .comment       0x0000000000000043       0x44 ./Middlewares/ST/STM32_USB_Device_Library/Class/HID/Src/usbd_hid.o
 .comment       0x0000000000000043       0x44 ./Middlewares/ST/STM32_USB_Device_Library/Core/Src/usbd_core.o
 .comment       0x0000000000000043       0x44 ./Middlewares/ST/STM32_USB_Device_Library/Core/Src/usbd_ctlreq.o
 .comment       0x0000000000000043       0x44 ./Middlewares/ST/STM32_USB_Device_Library/Core/Src/usbd_ioreq.o
 .comment       0x0000000000000043       0x44 ./Middlewares/Third_Party/FreeRTOS/Source/CMSIS_RTOS_V2/cmsis_os2.o
 .comment       0x0000000000000043       0x44 ./Middlewares/Third_Party/FreeRTOS/Source/list.o
 .comment       0x0000000000000043       0x44 ./Middlewares/Third_Party/FreeRTOS/Source/queue.o
 .comment       0x0000000000000043       0x44 ./Middlewares/Third_Party/FreeRTOS/Source/tasks.o
 .comment       0x0000000000000043       0x44 ./Middlewares/Third_Party/FreeRTOS/Source/timers.o
 .comment       0x0000000000000043       0x44 ./Middlewares/Third_Party/FreeRTOS/Source/portable/GCC/ARM_CM4F/port.o
 .comment       0x0000000000000043       0x44 ./Middlewares/Third_Party/FreeRTOS/Source/portable/MemMang/heap_4.o